Component: ARM Compiler 5.05 update 2 (build 169) Tool: armlink [4d0f33]

==============================================================================

Section Cross References

    startup_stm32f407xx.o(STACK) refers (Special) to heapauxi.o(.text) for __use_two_region_memory
    startup_stm32f407xx.o(HEAP) refers (Special) to heapauxi.o(.text) for __use_two_region_memory
    startup_stm32f407xx.o(RESET) refers (Special) to heapauxi.o(.text) for __use_two_region_memory
    startup_stm32f407xx.o(RESET) refers to startup_stm32f407xx.o(STACK) for __initial_sp
    startup_stm32f407xx.o(RESET) refers to startup_stm32f407xx.o(.text) for Reset_Handler
    startup_stm32f407xx.o(RESET) refers to stm32f4xx_it.o(i.NMI_Handler) for NMI_Handler
    startup_stm32f407xx.o(RESET) refers to stm32f4xx_it.o(i.HardFault_Handler) for HardFault_Handler
    startup_stm32f407xx.o(RESET) refers to stm32f4xx_it.o(i.MemManage_Handler) for MemManage_Handler
    startup_stm32f407xx.o(RESET) refers to stm32f4xx_it.o(i.BusFault_Handler) for BusFault_Handler
    startup_stm32f407xx.o(RESET) refers to stm32f4xx_it.o(i.UsageFault_Handler) for UsageFault_Handler
    startup_stm32f407xx.o(RESET) refers to stm32f4xx_it.o(i.SVC_Handler) for SVC_Handler
    startup_stm32f407xx.o(RESET) refers to stm32f4xx_it.o(i.DebugMon_Handler) for DebugMon_Handler
    startup_stm32f407xx.o(RESET) refers to stm32f4xx_it.o(i.PendSV_Handler) for PendSV_Handler
    startup_stm32f407xx.o(RESET) refers to stm32f4xx_it.o(i.SysTick_Handler) for SysTick_Handler
    startup_stm32f407xx.o(RESET) refers to stm32f4xx_it.o(i.USART1_IRQHandler) for USART1_IRQHandler
    startup_stm32f407xx.o(.text) refers (Special) to heapauxi.o(.text) for __use_two_region_memory
    startup_stm32f407xx.o(.text) refers to system_stm32f4xx.o(i.SystemInit) for SystemInit
    startup_stm32f407xx.o(.text) refers to __main.o(!!!main) for __main
    startup_stm32f407xx.o(.text) refers to startup_stm32f407xx.o(HEAP) for Heap_Mem
    startup_stm32f407xx.o(.text) refers to startup_stm32f407xx.o(STACK) for Stack_Mem
    main.o(i.SystemClock_Config) refers to rt_memclr_w.o(.text) for __aeabi_memclr4
    main.o(i.SystemClock_Config) refers to stm32f4xx_hal_rcc.o(i.HAL_RCC_OscConfig) for HAL_RCC_OscConfig
    main.o(i.SystemClock_Config) refers to stm32f4xx_hal_rcc.o(i.HAL_RCC_ClockConfig) for HAL_RCC_ClockConfig
    main.o(i.dump_buf) refers to _printf_pad.o(.text) for _printf_pre_padding
    main.o(i.dump_buf) refers to _printf_percent.o(.ARM.Collect$$_printf_percent$$00000000) for _printf_percent
    main.o(i.dump_buf) refers to _printf_x.o(.ARM.Collect$$_printf_percent$$0000000C) for _printf_x
    main.o(i.dump_buf) refers to _printf_s.o(.ARM.Collect$$_printf_percent$$00000014) for _printf_s
    main.o(i.dump_buf) refers to _printf_hex_int.o(.text) for _printf_longlong_hex
    main.o(i.dump_buf) refers to _printf_str.o(.text) for _printf_str
    main.o(i.dump_buf) refers to __2printf.o(.text) for __2printf
    main.o(i.get_cycle_count_frequency) refers to system_stm32f4xx.o(.data) for SystemCoreClock
    main.o(i.main) refers to _printf_percent.o(.ARM.Collect$$_printf_percent$$00000000) for _printf_percent
    main.o(i.main) refers to _printf_u.o(.ARM.Collect$$_printf_percent$$0000000A) for _printf_u
    main.o(i.main) refers to _printf_dec.o(.text) for _printf_int_dec
    main.o(i.main) refers to _printf_pad.o(.text) for _printf_pre_padding
    main.o(i.main) refers to _printf_d.o(.ARM.Collect$$_printf_percent$$00000009) for _printf_d
    main.o(i.main) refers to _printf_x.o(.ARM.Collect$$_printf_percent$$0000000C) for _printf_x
    main.o(i.main) refers to _printf_hex_int.o(.text) for _printf_longlong_hex
    main.o(i.main) refers to _printf_f.o(.ARM.Collect$$_printf_percent$$00000003) for _printf_f
    main.o(i.main) refers to printf1.o(x$fpl$printf1) for _printf_fp_dec
    main.o(i.main) refers to stm32f4xx_hal.o(i.HAL_Init) for HAL_Init
    main.o(i.main) refers to main.o(i.SystemClock_Config) for SystemClock_Config
    main.o(i.main) refers to stm32f4xx_hal_rng.o(i.HAL_RNG_Init) for HAL_RNG_Init
    main.o(i.main) refers to mbedtls.o(i.MX_MBEDTLS_Init) for MX_MBEDTLS_Init
    main.o(i.main) refers to stm32f4xx_hal_uart.o(i.HAL_UART_Init) for HAL_UART_Init
    main.o(i.main) refers to __2printf.o(.text) for __2printf
    main.o(i.main) refers to main.o(i.enable_dwt) for enable_dwt
    main.o(i.main) refers to md.o(i.mbedtls_md_init) for mbedtls_md_init
    main.o(i.main) refers to entropy.o(i.mbedtls_entropy_init) for mbedtls_entropy_init
    main.o(i.main) refers to ctr_drbg.o(i.mbedtls_ctr_drbg_init) for mbedtls_ctr_drbg_init
    main.o(i.main) refers to bignum.o(i.mbedtls_mpi_init) for mbedtls_mpi_init
    main.o(i.main) refers to ecdsa.o(i.mbedtls_ecdsa_init) for mbedtls_ecdsa_init
    main.o(i.main) refers to strlen.o(.text) for strlen
    main.o(i.main) refers to ctr_drbg.o(i.mbedtls_ctr_drbg_seed) for mbedtls_ctr_drbg_seed
[...]
    __rt_lib_init_fp_1                       0x08000221   Thumb Code     0  libinit2.o(.ARM.Collect$$libinit$$00000001)
    __rt_lib_init_heap_2                     0x08000225   Thumb Code     0  libinit2.o(.ARM.Collect$$libinit$$00000005)
    __rt_lib_init_preinit_1                  0x08000225   Thumb Code     0  libinit2.o(.ARM.Collect$$libinit$$00000004)
    __rt_lib_init_heap_1                     0x0800022d   Thumb Code     0  libinit2.o(.ARM.Collect$$libinit$$0000000A)
    __rt_lib_init_lc_common                  0x0800022d   Thumb Code     0  libinit2.o(.ARM.Collect$$libinit$$0000000F)
    __rt_lib_init_rand_1                     0x0800022d   Thumb Code     0  libinit2.o(.ARM.Collect$$libinit$$0000000E)
    __rt_lib_init_user_alloc_1               0x0800022d   Thumb Code     0  libinit2.o(.ARM.Collect$$libinit$$0000000C)
    __rt_lib_init_lc_collate_1               0x08000233   Thumb Code     0  libinit2.o(.ARM.Collect$$libinit$$00000011)
    __rt_lib_init_lc_ctype_1                 0x08000233   Thumb Code     0  libinit2.o(.ARM.Collect$$libinit$$00000013)
    __rt_lib_init_lc_monetary_1              0x08000233   Thumb Code     0  libinit2.o(.ARM.Collect$$libinit$$00000015)
    __rt_lib_init_lc_numeric_2               0x08000233   Thumb Code     0  libinit2.o(.ARM.Collect$$libinit$$00000016)
    __rt_lib_init_atexit_1                   0x0800023d   Thumb Code     0  libinit2.o(.ARM.Collect$$libinit$$0000001B)
    __rt_lib_init_clock_1                    0x0800023d   Thumb Code     0  libinit2.o(.ARM.Collect$$libinit$$00000021)
    __rt_lib_init_fp_trap_1                  0x0800023d   Thumb Code     0  libinit2.o(.ARM.Collect$$libinit$$0000001F)
    __rt_lib_init_getenv_1                   0x0800023d   Thumb Code     0  libinit2.o(.ARM.Collect$$libinit$$00000023)
    __rt_lib_init_lc_numeric_1               0x0800023d   Thumb Code     0  libinit2.o(.ARM.Collect$$libinit$$00000017)
    __rt_lib_init_lc_time_1                  0x0800023d   Thumb Code     0  libinit2.o(.ARM.Collect$$libinit$$00000019)
    __rt_lib_init_signal_1                   0x0800023d   Thumb Code     0  libinit2.o(.ARM.Collect$$libinit$$0000001D)
    __rt_lib_init_stdio_2                    0x0800023d   Thumb Code     0  libinit2.o(.ARM.Collect$$libinit$$00000024)
    __rt_lib_init_alloca_1                   0x08000241   Thumb Code     0  libinit2.o(.ARM.Collect$$libinit$$0000002E)
    __rt_lib_init_argv_1                     0x08000241   Thumb Code     0  libinit2.o(.ARM.Collect$$libinit$$0000002C)
    __rt_lib_init_cpp_1                      0x08000241   Thumb Code     0  libinit2.o(.ARM.Collect$$libinit$$00000032)
    __rt_lib_init_exceptions_1               0x08000241   Thumb Code     0  libinit2.o(.ARM.Collect$$libinit$$00000030)
    __rt_lib_init_return                     0x08000241   Thumb Code     0  libinit2.o(.ARM.Collect$$libinit$$00000033)
    __rt_lib_init_stdio_1                    0x08000241   Thumb Code     0  libinit2.o(.ARM.Collect$$libinit$$00000025)
    __rt_lib_shutdown                        0x08000243   Thumb Code     0  libshutdown.o(.ARM.Collect$$libshutdown$$00000000)
    __rt_lib_shutdown_stdio_2                0x08000245   Thumb Code     0  libshutdown2.o(.ARM.Collect$$libshutdown$$00000002)
    __rt_lib_shutdown_fp_trap_1              0x08000249   Thumb Code     0  libshutdown2.o(.ARM.Collect$$libshutdown$$00000006)
    __rt_lib_shutdown_heap_1                 0x08000249   Thumb Code     0  libshutdown2.o(.ARM.Collect$$libshutdown$$0000000E)
    __rt_lib_shutdown_return                 0x08000249   Thumb Code     0  libshutdown2.o(.ARM.Collect$$libshutdown$$0000000F)
    __rt_lib_shutdown_signal_1               0x08000249   Thumb Code     0  libshutdown2.o(.ARM.Collect$$libshutdown$$00000009)
    __rt_lib_shutdown_stdio_1                0x08000249   Thumb Code     0  libshutdown2.o(.ARM.Collect$$libshutdown$$00000003)
    __rt_lib_shutdown_user_alloc_1           0x08000249   Thumb Code     0  libshutdown2.o(.ARM.Collect$$libshutdown$$0000000B)
    __rt_entry                               0x0800024b   Thumb Code     0  __rtentry.o(.ARM.Collect$$rtentry$$00000000)
    __rt_entry_presh_1                       0x0800024b   Thumb Code     0  __rtentry2.o(.ARM.Collect$$rtentry$$00000002)
    __rt_entry_sh                            0x0800024b   Thumb Code     0  __rtentry4.o(.ARM.Collect$$rtentry$$00000004)
    __rt_entry_li                            0x08000251   Thumb Code     0  __rtentry2.o(.ARM.Collect$$rtentry$$0000000A)
    __rt_entry_postsh_1                      0x08000251   Thumb Code     0  __rtentry2.o(.ARM.Collect$$rtentry$$00000009)
    __rt_entry_main                          0x08000255   Thumb Code     0  __rtentry2.o(.ARM.Collect$$rtentry$$0000000D)
    __rt_entry_postli_1                      0x08000255   Thumb Code     0  __rtentry2.o(.ARM.Collect$$rtentry$$0000000C)
    __rt_exit                                0x0800025d   Thumb Code     0  rtexit.o(.ARM.Collect$$rtexit$$00000000)
    __rt_exit_ls                             0x0800025f   Thumb Code     0  rtexit2.o(.ARM.Collect$$rtexit$$00000003)
    __rt_exit_prels_1                        0x0800025f   Thumb Code     0  rtexit2.o(.ARM.Collect$$rtexit$$00000002)
    __rt_exit_exit                           0x08000263   Thumb Code     0  rtexit2.o(.ARM.Collect$$rtexit$$00000004)
    Reset_Handler                            0x08000269   Thumb Code     8  startup_stm32f407xx.o(.text)
    _maybe_terminate_alloc                   0x08000269   Thumb Code     0  maybetermalloc1.o(.emb_text)
    ADC_IRQHandler                           0x08000283   Thumb Code     0  startup_stm32f407xx.o(.text)
    CAN1_RX0_IRQHandler                      0x08000283   Thumb Code     0  startup_stm32f407xx.o(.text)
    CAN1_RX1_IRQHandler                      0x08000283   Thumb Code     0  startup_stm32f407xx.o(.text)
    CAN1_SCE_IRQHandler                      0x08000283   Thumb Code     0  startup_stm32f407xx.o(.text)
    CAN1_TX_IRQHandler                       0x08000283   Thumb Code     0  startup_stm32f407xx.o(.text)
    CAN2_RX0_IRQHandler                      0x08000283   Thumb Code     0  startup_stm32f407xx.o(.text)
    CAN2_RX1_IRQHandler                      0x08000283   Thumb Code     0  startup_stm32f407xx.o(.text)
    CAN2_SCE_IRQHandler                      0x08000283   Thumb Code     0  startup_stm32f407xx.o(.text)
    CAN2_TX_IRQHandler                       0x08000283   Thumb Code     0  startup_stm32f407xx.o(.text)
    DCMI_IRQHandler                          0x08000283   Thumb Code     0  startup_stm32f407xx.o(.text)
    DMA1_Stream0_IRQHandler                  0x08000283   Thumb Code     0  startup_stm32f407xx.o(.text)
    DMA1_Stream1_IRQHandler                  0x08000283   Thumb Code     0  startup_stm32f407xx.o(.text)
    DMA1_Stream2_IRQHandler                  0x08000283   Thumb Code     0  startup_stm32f407xx.o(.text)
    DMA1_Stream3_IRQHandler                  0x08000283   Thumb Code     0  startup_stm32f407xx.o(.text)
    DMA1_Stream4_IRQHandler                  0x08000283   Thumb Code     0  startup_stm32f407xx.o(.text)
    DMA1_Stream5_IRQHandler                  0x08000283   Thumb Code     0  startup_stm32f407xx.o(.text)
    DMA1_Stream6_IRQHandler                  0x08000283   Thumb Code     0  startup_stm32f407xx.o(.text)
    DMA1_Stream7_IRQHandler                  0x08000283   Thumb Code     0  startup_stm32f407xx.o(.text)
    DMA2_Stream0_IRQHandler                  0x08000283   Thumb Code     0  startup_stm32f407xx.o(.text)
    DMA2_Stream1_IRQHandler                  0x08000283   Thumb Code     0  startup_stm32f407xx.o(.text)
    DMA2_Stream2_IRQHandler                  0x08000283   Thumb Code     0  startup_stm32f407xx.o(.text)
    DMA2_Stream3_IRQHandler                  0x08000283   Thumb Code     0  startup_stm32f407xx.o(.text)
    DMA2_Stream4_IRQHandler                  0x08000283   Thumb Code     0  startup_stm32f407xx.o(.text)
    DMA2_Stream5_IRQHandler                  0x08000283   Thumb Code     0  startup_stm32f407xx.o(.text)
    DMA2_Stream6_IRQHandler                  0x08000283   Thumb Code     0  startup_stm32f407xx.o(.text)
    DMA2_Stream7_IRQHandler                  0x08000283   Thumb Code     0  startup_stm32f407xx.o(.text)
    ETH_IRQHandler                           0x08000283   Thumb Code     0  startup_stm32f407xx.o(.text)
    ETH_WKUP_IRQHandler                      0x08000283   Thumb Code     0  startup_stm32f407xx.o(.text)
    EXTI0_IRQHandler                         0x08000283   Thumb Code     0  startup_stm32f407xx.o(.text)
    EXTI15_10_IRQHandler                     0x08000283   Thumb Code     0  startup_stm32f407xx.o(.text)
    EXTI1_IRQHandler                         0x08000283   Thumb Code     0  startup_stm32f407xx.o(.text)
    EXTI2_IRQHandler                         0x08000283   Thumb Code     0  startup_stm32f407xx.o(.text)
    EXTI3_IRQHandler                         0x08000283   Thumb Code     0  startup_stm32f407xx.o(.text)
    EXTI4_IRQHandler                         0x08000283   Thumb Code     0  startup_stm32f407xx.o(.text)
    EXTI9_5_IRQHandler                       0x08000283   Thumb Code     0  startup_stm32f407xx.o(.text)
    FLASH_IRQHandler                         0x08000283   Thumb Code     0  startup_stm32f407xx.o(.text)
    FMC_IRQHandler                           0x08000283   Thumb Code     0  startup_stm32f407xx.o(.text)
    FPU_IRQHandler                           0x08000283   Thumb Code     0  startup_stm32f407xx.o(.text)
    HASH_RNG_IRQHandler                      0x08000283   Thumb Code     0  startup_stm32f407xx.o(.text)
    I2C1_ER_IRQHandler                       0x08000283   Thumb Code     0  startup_stm32f407xx.o(.text)
    I2C1_EV_IRQHandler                       0x08000283   Thumb Code     0  startup_stm32f407xx.o(.text)
    I2C2_ER_IRQHandler                       0x08000283   Thumb Code     0  startup_stm32f407xx.o(.text)
    I2C2_EV_IRQHandler                       0x08000283   Thumb Code     0  startup_stm32f407xx.o(.text)
    I2C3_ER_IRQHandler                       0x08000283   Thumb Code     0  startup_stm32f407xx.o(.text)
    I2C3_EV_IRQHandler                       0x08000283   Thumb Code     0  startup_stm32f407xx.o(.text)
    OTG_FS_IRQHandler                        0x08000283   Thumb Code     0  startup_stm32f407xx.o(.text)
    OTG_FS_WKUP_IRQHandler                   0x08000283   Thumb Code     0  startup_stm32f407xx.o(.text)
    OTG_HS_EP1_IN_IRQHandler                 0x08000283   Thumb Code     0  startup_stm32f407xx.o(.text)
    OTG_HS_EP1_OUT_IRQHandler                0x08000283   Thumb Code     0  startup_stm32f407xx.o(.text)
    OTG_HS_IRQHandler                        0x08000283   Thumb Code     0  startup_stm32f407xx.o(.text)
    OTG_HS_WKUP_IRQHandler                   0x08000283   Thumb Code     0  startup_stm32f407xx.o(.text)
    PVD_IRQHandler                           0x08000283   Thumb Code     0  startup_stm32f407xx.o(.text)
    RCC_IRQHandler                           0x08000283   Thumb Code     0  startup_stm32f407xx.o(.text)
    RTC_Alarm_IRQHandler                     0x08000283   Thumb Code     0  startup_stm32f407xx.o(.text)
    RTC_WKUP_IRQHandler                      0x08000283   Thumb Code     0  startup_stm32f407xx.o(.text)
    SDIO_IRQHandler                          0x08000283   Thumb Code     0  startup_stm32f407xx.o(.text)
    SPI1_IRQHandler                          0x08000283   Thumb Code     0  startup_stm32f407xx.o(.text)
    SPI2_IRQHandler                          0x08000283   Thumb Code     0  startup_stm32f407xx.o(.text)
    SPI3_IRQHandler                          0x08000283   Thumb Code     0  startup_stm32f407xx.o(.text)
    TAMP_STAMP_IRQHandler                    0x08000283   Thumb Code     0  startup_stm32f407xx.o(.text)
    TIM1_BRK_TIM9_IRQHandler                 0x08000283   Thumb Code     0  startup_stm32f407xx.o(.text)
    TIM1_CC_IRQHandler                       0x08000283   Thumb Code     0  startup_stm32f407xx.o(.text)
    TIM1_TRG_COM_TIM11_IRQHandler            0x08000283   Thumb Code     0  startup_stm32f407xx.o(.text)
    TIM1_UP_TIM10_IRQHandler                 0x08000283   Thumb Code     0  startup_stm32f407xx.o(.text)
    TIM2_IRQHandler                          0x08000283   Thumb Code     0  startup_stm32f407xx.o(.text)
    TIM3_IRQHandler                          0x08000283   Thumb Code     0  startup_stm32f407xx.o(.text)
    TIM4_IRQHandler                          0x08000283   Thumb Code     0  startup_stm32f407xx.o(.text)
    TIM5_IRQHandler                          0x08000283   Thumb Code     0  startup_stm32f407xx.o(.text)
    TIM6_DAC_IRQHandler                      0x08000283   Thumb Code     0  startup_stm32f407xx.o(.text)
    TIM7_IRQHandler                          0x08000283   Thumb Code     0  startup_stm32f407xx.o(.text)
    TIM8_BRK_TIM12_IRQHandler                0x08000283   Thumb Code     0  startup_stm32f407xx.o(.text)
    TIM8_CC_IRQHandler                       0x08000283   Thumb Code     0  startup_stm32f407xx.o(.text)
    TIM8_TRG_COM_TIM14_IRQHandler            0x08000283   Thumb Code     0  startup_stm32f407xx.o(.text)
    TIM8_UP_TIM13_IRQHandler                 0x08000283   Thumb Code     0  startup_stm32f407xx.o(.text)
    UART4_IRQHandler                         0x08000283   Thumb Code     0  startup_stm32f407xx.o(.text)
    UART5_IRQHandler                         0x08000283   Thumb Code     0  startup_stm32f407xx.o(.text)
    USART2_IRQHandler                        0x08000283   Thumb Code     0  startup_stm32f407xx.o(.text)
    USART3_IRQHandler                        0x08000283   Thumb Code     0  startup_stm32f407xx.o(.text)
    USART6_IRQHandler                        0x08000283   Thumb Code     0  startup_stm32f407xx.o(.text)
    WWDG_IRQHandler                          0x08000283   Thumb Code     0  startup_stm32f407xx.o(.text)
    __user_initial_stackheap                 0x08000285   Thumb Code     0  startup_stm32f407xx.o(.text)
    __I$use$semihosting                      0x080002a9   Thumb Code     0  use_no_semi.o(.text)
    __use_no_semihosting_swi                 0x080002a9   Thumb Code     2  use_no_semi.o(.text)
    calloc                                   0x080002ab   Thumb Code    40  calloc.o(.text)
    free                                     0x080002d3   Thumb Code    78  h1_free.o(.text)
    __aeabi_uldivmod                         0x08000321   Thumb Code     0  lludivv7m.o(.text)
    _ll_udiv                                 0x08000321   Thumb Code   238  lludivv7m.o(.text)
    __2printf                                0x08000411   Thumb Code    20  __2printf.o(.text)
    _printf_pre_padding                      0x08000429   Thumb Code    44  _printf_pad.o(.text)
    _printf_post_padding                     0x08000455   Thumb Code    34  _printf_pad.o(.text)
    _printf_str                              0x08000477   Thumb Code    82  _printf_str.o(.text)
    _printf_int_dec                          0x080004c9   Thumb Code   104  _printf_dec.o(.text)
    _printf_int_hex                          0x08000541   Thumb Code    84  _printf_hex_int.o(.text)
    _printf_longlong_hex                     0x08000541   Thumb Code     0  _printf_hex_int.o(.text)
    __printf                                 0x08000599   Thumb Code   388  __printf_flags_ss_wp.o(.text)
    strlen                                   0x08000721   Thumb Code    62  strlen.o(.text)
    __aeabi_memcpy                           0x0800075f   Thumb Code     0  rt_memcpy_v6.o(.text)
    __rt_memcpy                              0x0800075f   Thumb Code   138  rt_memcpy_v6.o(.text)
    _memcpy_lastbytes                        0x080007c5   Thumb Code     0  rt_memcpy_v6.o(.text)
    __aeabi_memcpy4                          0x080007e9   Thumb Code     0  rt_memcpy_w.o(.text)
    __aeabi_memcpy8                          0x080007e9   Thumb Code     0  rt_memcpy_w.o(.text)
    __rt_memcpy_w                            0x080007e9   Thumb Code   100  rt_memcpy_w.o(.text)
    _memcpy_lastbytes_aligned                0x08000831   Thumb Code     0  rt_memcpy_w.o(.text)
    memset                                   0x0800084d   Thumb Code    22  memset.o(.text)
    __aeabi_memset                           0x08000863   Thumb Code    16  aeabi_memset.o(.text)
    __aeabi_memclr                           0x08000873   Thumb Code     0  rt_memclr.o(.text)
    __rt_memclr                              0x08000873   Thumb Code    68  rt_memclr.o(.text)
    _memset                                  0x08000877   Thumb Code     0  rt_memclr.o(.text)
    __aeabi_memclr4                          0x080008b7   Thumb Code     0  rt_memclr_w.o(.text)
    __aeabi_memclr8                          0x080008b7   Thumb Code     0  rt_memclr_w.o(.text)
    __rt_memclr_w                            0x080008b7   Thumb Code    78  rt_memclr_w.o(.text)
    _memset_w                                0x080008bb   Thumb Code     0  rt_memclr_w.o(.text)
    strcmp                                   0x08000905   Thumb Code   128  strcmpv7m.o(.text)
    __use_two_region_memory                  0x08000985   Thumb Code     2  heapauxi.o(.text)
    __rt_heap_escrow                         0x08000987   Thumb Code     2  heapauxi.o(.text)
    __rt_heap_expand                         0x08000989   Thumb Code     2  heapauxi.o(.text)
    __rt_heap_descriptor                     0x0800098d   Thumb Code     8  rt_heap_descriptor_intlibspace.o(.text)
    __use_no_heap                            0x08000995   Thumb Code     2  hguard.o(.text)
    __heap$guard                             0x08000997   Thumb Code     2  hguard.o(.text)
    _terminate_user_alloc                    0x08000999   Thumb Code     2  init_alloc.o(.text)
    _init_user_alloc                         0x0800099b   Thumb Code     2  init_alloc.o(.text)
    __Heap_Full                              0x0800099d   Thumb Code    34  init_alloc.o(.text)
    __Heap_Broken                            0x080009bf   Thumb Code     6  init_alloc.o(.text)
    _init_alloc                              0x080009c5   Thumb Code    94  init_alloc.o(.text)
    malloc                                   0x08000a23   Thumb Code    94  h1_alloc.o(.text)
    _printf_int_common                       0x08000a81   Thumb Code   178  _printf_intcommon.o(.text)
    __lib_sel_fp_printf                      0x08000b33   Thumb Code     2  _printf_fp_dec.o(.text)
    _printf_fp_dec_real                      0x08000ce1   Thumb Code   620  _printf_fp_dec.o(.text)
    _printf_char_common                      0x08000f57   Thumb Code    32  _printf_char_common.o(.text)
    _printf_cs_common                        0x08000f7d   Thumb Code    20  _printf_char.o(.text)
    _printf_char                             0x08000f91   Thumb Code    16  _printf_char.o(.text)
    _printf_string                           0x08000fa1   Thumb Code     8  _printf_char.o(.text)
    _printf_char_file                        0x08000fa9   Thumb Code    32  _printf_char_file.o(.text)
    __user_libspace                          0x08000fcd   Thumb Code     8  libspace.o(.text)
    __user_perproc_libspace                  0x08000fcd   Thumb Code     0  libspace.o(.text)
    __user_perthread_libspace                0x08000fcd   Thumb Code     0  libspace.o(.text)
    __rt_locale                              0x08000fd5   Thumb Code     8  rt_locale_intlibspace.o(.text)
    __Heap_Initialize                        0x08000fdd   Thumb Code    10  h1_init.o(.text)
    __Heap_DescSize                          0x08000fe7   Thumb Code     4  h1_init.o(.text)
    __Heap_ProvideMemory                     0x08000feb   Thumb Code    52  h1_extend.o(.text)
    _ll_udiv10                               0x0800101f   Thumb Code   138  lludiv10.o(.text)
    _printf_fp_infnan                        0x080010a9   Thumb Code   112  _printf_fp_infnan.o(.text)
    _btod_etento                             0x08001129   Thumb Code   216  bigflt0.o(.text)
    ferror                                   0x08001205   Thumb Code     8  ferror.o(.text)
    _initio                                  0x0800120d   Thumb Code   210  initio.o(.text)
    _terminateio                             0x080012df   Thumb Code    56  initio.o(.text)
    __rt_SIGRTMEM                            0x08001345   Thumb Code    14  defsig_rtmem_outer.o(.text)
    __user_setup_stackheap                   0x08001353   Thumb Code    74  sys_stackheap_outer.o(.text)
    setvbuf                                  0x0800139d   Thumb Code    70  setvbuf.o(.text)
    freopen                                  0x080013e5   Thumb Code   158  fopen.o(.text)
    fopen                                    0x08001483   Thumb Code    74  fopen.o(.text)
    _fclose_internal                         0x080014d1   Thumb Code    76  fclose.o(.text)
    fclose                                   0x080014d1   Thumb Code     0  fclose.o(.text)
    exit                                     0x0800151d   Thumb Code    12  exit.o(.text)
    __sig_exit                               0x08001529   Thumb Code    10  defsig_exit.o(.text)
    __rt_SIGRTRED                            0x08001533   Thumb Code    14  defsig_rtred_outer.o(.text)
    __rt_SIGRTMEM_inner                      0x08001541   Thumb Code    22  defsig_rtmem_inner.o(.text)
    _fseek                                   0x08001591   Thumb Code   242  fseek.o(.text)
    fseek                                    0x08001591   Thumb Code     0  fseek.o(.text)
    _seterr                                  0x08001689   Thumb Code    20  stdio.o(.text)
    _writebuf                                0x0800169d   Thumb Code    84  stdio.o(.text)
    _fflush                                  0x080016f1   Thumb Code    70  stdio.o(.text)
    _deferredlazyseek                        0x08001737   Thumb Code    60  stdio.o(.text)
    __default_signal_display                 0x08001779   Thumb Code    50  defsig_general.o(.text)
    __rt_SIGRTRED_inner                      0x080017ad   Thumb Code    14  defsig_rtred_inner.o(.text)
    _ftell_internal                          0x080017e1   Thumb Code    66  ftell.o(.text)
    ftell                                    0x080017e1   Thumb Code     0  ftell.o(.text)
    __aeabi_errno_addr                       0x08001825   Thumb Code     8  rt_errno_addr_intlibspace.o(.text)
    __errno$intlibspace                      0x08001825   Thumb Code     0  rt_errno_addr_intlibspace.o(.text)
    __rt_errno_addr$intlibspace              0x08001825   Thumb Code     0  rt_errno_addr_intlibspace.o(.text)
    _btod_d2e                                0x0800182d   Thumb Code    62  btod.o(CL$$btod_d2e)
    _d2e_denorm_low                          0x0800186b   Thumb Code    70  btod.o(CL$$btod_d2e_denorm_low)
    _d2e_norm_op1                            0x080018b1   Thumb Code    96  btod.o(CL$$btod_d2e_norm_op1)
    __btod_div_common                        0x08001911   Thumb Code   696  btod.o(CL$$btod_div_common)
    _e2e                                     0x08001c49   Thumb Code   198  btod.o(CL$$btod_e2e)
    _btod_ediv                               0x08001d0f   Thumb Code    40  btod.o(CL$$btod_ediv)
    _btod_emul                               0x08001d37   Thumb Code    40  btod.o(CL$$btod_emul)
    __btod_mult_common                       0x08001d5f   Thumb Code   580  btod.o(CL$$btod_mult_common)
    BusFault_Handler                         0x08001fa3   Thumb Code     2  stm32f4xx_it.o(i.BusFault_Handler)
    DebugMon_Handler                         0x08001fa5   Thumb Code     2  stm32f4xx_it.o(i.DebugMon_Handler)
    Error_Handler                            0x08001fa7   Thumb Code     4  main.o(i.Error_Handler)
    HAL_DMA_Abort                            0x08001fab   Thumb Code   146  stm32f4xx_hal_dma.o(i.HAL_DMA_Abort)
    HAL_DMA_Abort_IT                         0x0800203d   Thumb Code    36  stm32f4xx_hal_dma.o(i.HAL_DMA_Abort_IT)
    HAL_GPIO_Init                            0x08002061   Thumb Code   450  stm32f4xx_hal_gpio.o(i.HAL_GPIO_Init)
    HAL_GetTick                              0x08002251   Thumb Code     6  stm32f4xx_hal.o(i.HAL_GetTick)
    HAL_IncTick                              0x0800225d   Thumb Code    12  stm32f4xx_hal.o(i.HAL_IncTick)
    HAL_Init                                 0x0800226d   Thumb Code    48  stm32f4xx_hal.o(i.HAL_Init)
    HAL_InitTick                             0x080022a1   Thumb Code    54  stm32f4xx_hal.o(i.HAL_InitTick)
    HAL_MspInit                              0x080022e1   Thumb Code    42  stm32f4xx_hal_msp.o(i.HAL_MspInit)
    HAL_NVIC_EnableIRQ                       0x08002311   Thumb Code    26  stm32f4xx_hal_cortex.o(i.HAL_NVIC_EnableIRQ)
    HAL_NVIC_SetPriority                     0x0800232d   Thumb Code    60  stm32f4xx_hal_cortex.o(i.HAL_NVIC_SetPriority)
    HAL_NVIC_SetPriorityGrouping             0x0800236d   Thumb Code    26  stm32f4xx_hal_cortex.o(i.HAL_NVIC_SetPriorityGrouping)
    HAL_RCC_ClockConfig                      0x08002391   Thumb Code   288  stm32f4xx_hal_rcc.o(i.HAL_RCC_ClockConfig)
    HAL_RCC_GetPCLK1Freq                     0x080024c5   Thumb Code    20  stm32f4xx_hal_rcc.o(i.HAL_RCC_GetPCLK1Freq)
    HAL_RCC_GetPCLK2Freq                     0x080024e5   Thumb Code    20  stm32f4xx_hal_rcc.o(i.HAL_RCC_GetPCLK2Freq)
    HAL_RCC_GetSysClockFreq                  0x08002505   Thumb Code    88  stm32f4xx_hal_rcc.o(i.HAL_RCC_GetSysClockFreq)
    HAL_RCC_OscConfig                        0x08002569   Thumb Code   856  stm32f4xx_hal_rcc.o(i.HAL_RCC_OscConfig)
    HAL_RNG_GenerateRandomNumber             0x080028d5   Thumb Code   126  stm32f4xx_hal_rng.o(i.HAL_RNG_GenerateRandomNumber)
    HAL_RNG_Init                             0x08002953   Thumb Code    50  stm32f4xx_hal_rng.o(i.HAL_RNG_Init)
    HAL_RNG_MspInit                          0x08002985   Thumb Code    30  stm32f4xx_hal_msp.o(i.HAL_RNG_MspInit)
    HAL_SYSTICK_Config                       0x080029ad   Thumb Code    40  stm32f4xx_hal_cortex.o(i.HAL_SYSTICK_Config)
    HAL_UARTEx_RxEventCallback               0x080029d5   Thumb Code     2  stm32f4xx_hal_uart.o(i.HAL_UARTEx_RxEventCallback)
    HAL_UART_ErrorCallback                   0x080029d7   Thumb Code     2  stm32f4xx_hal_uart.o(i.HAL_UART_ErrorCallback)
    HAL_UART_IRQHandler                      0x080029d9   Thumb Code   610  stm32f4xx_hal_uart.o(i.HAL_UART_IRQHandler)
    HAL_UART_Init                            0x08002c41   Thumb Code    98  stm32f4xx_hal_uart.o(i.HAL_UART_Init)
    HAL_UART_MspInit                         0x08002ca5   Thumb Code   110  stm32f4xx_hal_msp.o(i.HAL_UART_MspInit)
    HAL_UART_RxCpltCallback                  0x08002d21   Thumb Code     2  stm32f4xx_hal_uart.o(i.HAL_UART_RxCpltCallback)
    HAL_UART_Transmit                        0x08002d25   Thumb Code   178  stm32f4xx_hal_uart.o(i.HAL_UART_Transmit)
    HAL_UART_TxCpltCallback                  0x08002dd7   Thumb Code     2  stm32f4xx_hal_uart.o(i.HAL_UART_TxCpltCallback)
    HardFault_Handler                        0x08002dd9   Thumb Code     2  stm32f4xx_it.o(i.HardFault_Handler)
    MX_MBEDTLS_Init                          0x08002ddd   Thumb Code    38  mbedtls.o(i.MX_MBEDTLS_Init)
    MemManage_Handler                        0x08002e15   Thumb Code     2  stm32f4xx_it.o(i.MemManage_Handler)
    NMI_Handler                              0x08002e17   Thumb Code     2  stm32f4xx_it.o(i.NMI_Handler)
    PendSV_Handler                           0x08002e19   Thumb Code     2  stm32f4xx_it.o(i.PendSV_Handler)
    SVC_Handler                              0x08002e1b   Thumb Code     2  stm32f4xx_it.o(i.SVC_Handler)
    SysTick_Handler                          0x08002e1d   Thumb Code     4  stm32f4xx_it.o(i.SysTick_Handler)
    SystemClock_Config                       0x08002e21   Thumb Code   130  main.o(i.SystemClock_Config)
    SystemInit                               0x08002ead   Thumb Code    12  system_stm32f4xx.o(i.SystemInit)
    USART1_IRQHandler                        0x08003161   Thumb Code     6  stm32f4xx_it.o(i.USART1_IRQHandler)
    UsageFault_Handler                       0x0800316d   Thumb Code     2  stm32f4xx_it.o(i.UsageFault_Handler)
    __ARM_fpclassify                         0x0800316f   Thumb Code    48  fpclassify.o(i.__ARM_fpclassify)
    _is_digit                                0x080031bf   Thumb Code    14  __printf_wp.o(i._is_digit)
    _sys_close                               0x080031cd   Thumb Code     4  retarget.o(i._sys_close)
    _sys_exit                                0x080031d1   Thumb Code     2  retarget.o(i._sys_exit)
    _sys_flen                                0x080031d3   Thumb Code     4  retarget.o(i._sys_flen)
    _sys_istty                               0x080031d7   Thumb Code     4  retarget.o(i._sys_istty)
    _sys_open                                0x080031db   Thumb Code     6  retarget.o(i._sys_open)
    _sys_seek                                0x080031e1   Thumb Code     6  retarget.o(i._sys_seek)
    _sys_write                               0x080031e7   Thumb Code     4  retarget.o(i._sys_write)
    _ttywrch                                 0x080031eb   Thumb Code     2  retarget.o(i._ttywrch)
    enable_dwt                               0x080058e1   Thumb Code    26  main.o(i.enable_dwt)
    fputc                                    0x08005a21   Thumb Code    20  stm32f4xx_hal.o(i.fputc)
    main                                     0x08005a39   Thumb Code   918  main.o(i.main)
    mbedtls_aes_crypt_ecb                    0x080060cd   Thumb Code    24  aes.o(i.mbedtls_aes_crypt_ecb)
    mbedtls_aes_free                         0x080060e5   Thumb Code    14  aes.o(i.mbedtls_aes_free)
    mbedtls_aes_init                         0x080060f3   Thumb Code     8  aes.o(i.mbedtls_aes_init)
    mbedtls_aes_setkey_enc                   0x080060fd   Thumb Code   408  aes.o(i.mbedtls_aes_setkey_enc)
    mbedtls_ctr_drbg_free                    0x080062af   Thumb Code    30  ctr_drbg.o(i.mbedtls_ctr_drbg_free)
    mbedtls_ctr_drbg_init                    0x080062cd   Thumb Code     8  ctr_drbg.o(i.mbedtls_ctr_drbg_init)
    mbedtls_ctr_drbg_random                  0x080062d5   Thumb Code    12  ctr_drbg.o(i.mbedtls_ctr_drbg_random)
    mbedtls_ctr_drbg_random_with_add         0x080062e1   Thumb Code   214  ctr_drbg.o(i.mbedtls_ctr_drbg_random_with_add)
    mbedtls_ctr_drbg_reseed                  0x080063b7   Thumb Code   130  ctr_drbg.o(i.mbedtls_ctr_drbg_reseed)
    mbedtls_ctr_drbg_seed                    0x08006439   Thumb Code    16  ctr_drbg.o(i.mbedtls_ctr_drbg_seed)
    mbedtls_ctr_drbg_seed_entropy_len        0x08006449   Thumb Code    80  ctr_drbg.o(i.mbedtls_ctr_drbg_seed_entropy_len)
    mbedtls_ecdsa_free                       0x08006499   Thumb Code    10  ecdsa.o(i.mbedtls_ecdsa_free)
    mbedtls_ecdsa_genkey                     0x080064a3   Thumb Code    36  ecdsa.o(i.mbedtls_ecdsa_genkey)
    mbedtls_ecdsa_init                       0x080064c7   Thumb Code     4  ecdsa.o(i.mbedtls_ecdsa_init)
    mbedtls_ecdsa_sign                       0x080064cb   Thumb Code    28  ecdsa.o(i.mbedtls_ecdsa_sign)
    mbedtls_ecdsa_verify                     0x080064e7   Thumb Code    18  ecdsa.o(i.mbedtls_ecdsa_verify)
    mbedtls_ecp_check_privkey                0x080064f9   Thumb Code   114  ecp.o(i.mbedtls_ecp_check_privkey)
    mbedtls_ecp_check_pubkey                 0x08006575   Thumb Code    80  ecp.o(i.mbedtls_ecp_check_pubkey)
    mbedtls_ecp_copy                         0x080065cd   Thumb Code    48  ecp.o(i.mbedtls_ecp_copy)
    mbedtls_ecp_gen_keypair                  0x080065fd   Thumb Code    22  ecp.o(i.mbedtls_ecp_gen_keypair)
    mbedtls_ecp_gen_keypair_base             0x08006613   Thumb Code    50  ecp.o(i.mbedtls_ecp_gen_keypair_base)
    mbedtls_ecp_gen_privkey                  0x08006645   Thumb Code   228  ecp.o(i.mbedtls_ecp_gen_privkey)
    mbedtls_ecp_group_free                   0x08006731   Thumb Code   100  ecp.o(i.mbedtls_ecp_group_free)
    mbedtls_ecp_group_init                   0x08006795   Thumb Code    66  ecp.o(i.mbedtls_ecp_group_init)
    mbedtls_ecp_group_load                   0x080067d9   Thumb Code   152  ecp_curves.o(i.mbedtls_ecp_group_load)
    mbedtls_ecp_is_zero                      0x08006885   Thumb Code    20  ecp.o(i.mbedtls_ecp_is_zero)
    mbedtls_ecp_keypair_free                 0x08006899   Thumb Code    32  ecp.o(i.mbedtls_ecp_keypair_free)
    mbedtls_ecp_keypair_init                 0x080068b9   Thumb Code    28  ecp.o(i.mbedtls_ecp_keypair_init)
    mbedtls_ecp_mul                          0x080068d5   Thumb Code    18  ecp.o(i.mbedtls_ecp_mul)
    mbedtls_ecp_mul_restartable              0x080068e9   Thumb Code   118  ecp.o(i.mbedtls_ecp_mul_restartable)
    mbedtls_ecp_muladd_restartable           0x080069d5   Thumb Code   118  ecp.o(i.mbedtls_ecp_muladd_restartable)
    mbedtls_ecp_point_free                   0x08006a51   Thumb Code    32  ecp.o(i.mbedtls_ecp_point_free)
    mbedtls_ecp_point_init                   0x08006a71   Thumb Code    28  ecp.o(i.mbedtls_ecp_point_init)
    mbedtls_ecp_point_write_binary           0x08006a8d   Thumb Code   160  ecp.o(i.mbedtls_ecp_point_write_binary)
    mbedtls_ecp_set_zero                     0x08006b31   Thumb Code    44  ecp.o(i.mbedtls_ecp_set_zero)
    mbedtls_entropy_add_source               0x08006b5d   Thumb Code    48  entropy.o(i.mbedtls_entropy_add_source)
    mbedtls_entropy_free                     0x08006b8d   Thumb Code    30  entropy.o(i.mbedtls_entropy_free)
    mbedtls_entropy_func                     0x08006bad   Thumb Code   222  entropy.o(i.mbedtls_entropy_func)
    mbedtls_entropy_init                     0x08006c8d   Thumb Code    46  entropy.o(i.mbedtls_entropy_init)
    mbedtls_hardware_poll                    0x08006cc1   Thumb Code    58  hardware_rng.o(i.mbedtls_hardware_poll)
    mbedtls_internal_aes_decrypt             0x08006db5   Thumb Code   958  aes.o(i.mbedtls_internal_aes_decrypt)
    mbedtls_internal_aes_encrypt             0x08007181   Thumb Code   956  aes.o(i.mbedtls_internal_aes_encrypt)
    mbedtls_internal_sha256_process          0x08007549   Thumb Code  2108  sha256.o(i.mbedtls_internal_sha256_process)
    mbedtls_internal_sha512_process          0x08007d85   Thumb Code  2548  sha512.o(i.mbedtls_internal_sha512_process)
    mbedtls_md                               0x08008779   Thumb Code    28  md.o(i.mbedtls_md)
    mbedtls_md_free                          0x08008799   Thumb Code    54  md.o(i.mbedtls_md_free)
    mbedtls_md_info_from_type                0x080087d1   Thumb Code    36  md.o(i.mbedtls_md_info_from_type)
    mbedtls_md_init                          0x08008805   Thumb Code    10  md.o(i.mbedtls_md_init)
    mbedtls_mpi_add_abs                      0x08008811   Thumb Code   182  bignum.o(i.mbedtls_mpi_add_abs)
    mbedtls_mpi_add_int                      0x080088c7   Thumb Code    46  bignum.o(i.mbedtls_mpi_add_int)
    mbedtls_mpi_add_mpi                      0x080088f5   Thumb Code    78  bignum.o(i.mbedtls_mpi_add_mpi)
    mbedtls_mpi_bitlen                       0x08008943   Thumb Code    48  bignum.o(i.mbedtls_mpi_bitlen)
    mbedtls_mpi_cmp_abs                      0x08008975   Thumb Code   100  bignum.o(i.mbedtls_mpi_cmp_abs)
    mbedtls_mpi_cmp_int                      0x080089d9   Thumb Code    46  bignum.o(i.mbedtls_mpi_cmp_int)
    mbedtls_mpi_cmp_mpi                      0x08008a09   Thumb Code   140  bignum.o(i.mbedtls_mpi_cmp_mpi)
    mbedtls_mpi_copy                         0x08008a95   Thumb Code   100  bignum.o(i.mbedtls_mpi_copy)
    mbedtls_mpi_div_mpi                      0x08008af9   Thumb Code   778  bignum.o(i.mbedtls_mpi_div_mpi)
    mbedtls_mpi_fill_random                  0x08008e03   Thumb Code    96  bignum.o(i.mbedtls_mpi_fill_random)
    mbedtls_mpi_free                         0x08008e63   Thumb Code    34  bignum.o(i.mbedtls_mpi_free)
    mbedtls_mpi_gcd                          0x08008e85   Thumb Code   256  bignum.o(i.mbedtls_mpi_gcd)
    mbedtls_mpi_get_bit                      0x08008f85   Thumb Code    32  bignum.o(i.mbedtls_mpi_get_bit)
    mbedtls_mpi_grow                         0x08008fa5   Thumb Code    80  bignum.o(i.mbedtls_mpi_grow)
    mbedtls_mpi_init                         0x08008ff5   Thumb Code    12  bignum.o(i.mbedtls_mpi_init)
    mbedtls_mpi_inv_mod                      0x08009001   Thumb Code   616  bignum.o(i.mbedtls_mpi_inv_mod)
    mbedtls_mpi_lsb                          0x08009269   Thumb Code    46  bignum.o(i.mbedtls_mpi_lsb)
    mbedtls_mpi_lset                         0x08009297   Thumb Code    56  bignum.o(i.mbedtls_mpi_lset)
    mbedtls_mpi_mod_mpi                      0x080092cf   Thumb Code    98  bignum.o(i.mbedtls_mpi_mod_mpi)
    mbedtls_mpi_mul_int                      0x08009331   Thumb Code    24  bignum.o(i.mbedtls_mpi_mul_int)
    mbedtls_mpi_mul_mpi                      0x08009349   Thumb Code   194  bignum.o(i.mbedtls_mpi_mul_mpi)
    mbedtls_mpi_read_binary                  0x0800940b   Thumb Code    98  bignum.o(i.mbedtls_mpi_read_binary)
    mbedtls_mpi_read_string                  0x0800946d   Thumb Code   280  bignum.o(i.mbedtls_mpi_read_string)
    mbedtls_mpi_safe_cond_assign             0x08009585   Thumb Code   108  bignum.o(i.mbedtls_mpi_safe_cond_assign)
    mbedtls_mpi_safe_cond_swap               0x080095f1   Thumb Code   138  bignum.o(i.mbedtls_mpi_safe_cond_swap)
    mbedtls_mpi_set_bit                      0x0800967b   Thumb Code    86  bignum.o(i.mbedtls_mpi_set_bit)
    mbedtls_mpi_shift_l                      0x080096d1   Thumb Code   158  bignum.o(i.mbedtls_mpi_shift_l)
    mbedtls_mpi_shift_r                      0x08009771   Thumb Code   130  bignum.o(i.mbedtls_mpi_shift_r)
    mbedtls_mpi_shrink                       0x080097f3   Thumb Code   108  bignum.o(i.mbedtls_mpi_shrink)
    mbedtls_mpi_size                         0x0800985f   Thumb Code    12  bignum.o(i.mbedtls_mpi_size)
    mbedtls_mpi_sub_abs                      0x0800986b   Thumb Code   110  bignum.o(i.mbedtls_mpi_sub_abs)
    mbedtls_mpi_sub_int                      0x080098d9   Thumb Code    46  bignum.o(i.mbedtls_mpi_sub_int)
    mbedtls_mpi_sub_mpi                      0x08009907   Thumb Code    80  bignum.o(i.mbedtls_mpi_sub_mpi)
    mbedtls_mpi_write_binary                 0x08009957   Thumb Code   104  bignum.o(i.mbedtls_mpi_write_binary)
    mbedtls_platform_zeroize                 0x080099c5   Thumb Code    10  platform_util.o(i.mbedtls_platform_zeroize)
    mbedtls_sha256_clone                     0x080099d5   Thumb Code     6  sha256.o(i.mbedtls_sha256_clone)
    mbedtls_sha256_finish_ret                0x080099db   Thumb Code   326  sha256.o(i.mbedtls_sha256_finish_ret)
    mbedtls_sha256_free                      0x08009b21   Thumb Code    12  sha256.o(i.mbedtls_sha256_free)
    mbedtls_sha256_init                      0x08009b2d   Thumb Code     6  sha256.o(i.mbedtls_sha256_init)
    mbedtls_sha256_ret                       0x08009b33   Thumb Code    66  sha256.o(i.mbedtls_sha256_ret)
    mbedtls_sha256_starts_ret                0x08009b75   Thumb Code    78  sha256.o(i.mbedtls_sha256_starts_ret)
    mbedtls_sha256_update_ret                0x08009c05   Thumb Code   116  sha256.o(i.mbedtls_sha256_update_ret)
    mbedtls_sha512_clone                     0x08009c79   Thumb Code     6  sha512.o(i.mbedtls_sha512_clone)
    mbedtls_sha512_finish_ret                0x08009c7f   Thumb Code   786  sha512.o(i.mbedtls_sha512_finish_ret)
    mbedtls_sha512_free                      0x08009f91   Thumb Code    12  sha512.o(i.mbedtls_sha512_free)
    mbedtls_sha512_init                      0x08009f9d   Thumb Code     6  sha512.o(i.mbedtls_sha512_init)
    mbedtls_sha512_ret                       0x08009fa3   Thumb Code    66  sha512.o(i.mbedtls_sha512_ret)
    mbedtls_sha512_starts_ret                0x08009fe5   Thumb Code   146  sha512.o(i.mbedtls_sha512_starts_ret)
    mbedtls_sha512_update_ret                0x0800a0f9   Thumb Code   138  sha512.o(i.mbedtls_sha512_update_ret)
    mbedtls_ssl_config_init                  0x0800a183   Thumb Code     6  ssl_tls.o(i.mbedtls_ssl_config_init)
    mbedtls_ssl_init                         0x0800a189   Thumb Code     6  ssl_tls.o(i.mbedtls_ssl_init)
    mbedtls_x509_crt_init                    0x0800a18f   Thumb Code     8  x509_crt.o(i.mbedtls_x509_crt_init)
    _get_lc_numeric                          0x0800adc5   Thumb Code    44  lc_numeric_c.o(locale$$code)
    __aeabi_ddiv                             0x0800adf1   Thumb Code     0  ddiv.o(x$fpl$ddiv)
    _ddiv                                    0x0800adf1   Thumb Code   552  ddiv.o(x$fpl$ddiv)
    __aeabi_ui2d                             0x0800b0a1   Thumb Code     0  dflt_clz.o(x$fpl$dfltu)
    _dfltu                                   0x0800b0a1   Thumb Code    38  dflt_clz.o(x$fpl$dfltu)
    __fpl_dnaninf                            0x0800b0c7   Thumb Code   156  dnaninf.o(x$fpl$dnaninf)
    __fpl_dretinf                            0x0800b163   Thumb Code    12  dretinf.o(x$fpl$dretinf)
    _fp_init                                 0x0800b16f   Thumb Code    10  fpinit.o(x$fpl$fpinit)
    __fplib_config_fpu_vfp                   0x0800b177   Thumb Code     0  fpinit.o(x$fpl$fpinit)
    __fplib_config_pureend_doubles           0x0800b177   Thumb Code     0  fpinit.o(x$fpl$fpinit)
    _printf_fp_dec                           0x0800b179   Thumb Code     4  printf1.o(x$fpl$printf1)
    __I$use$fp                               0x0800b17c   Number         0  usenofp.o(x$fpl$usenofp)
    __stdin_name                             0x0800b17c   Data           6  retarget.o(.constdata)
    __stdout_name                            0x0800b182   Data           7  retarget.o(.constdata)
    __stderr_name                            0x0800b189   Data           7  retarget.o(.constdata)
    AHBPrescTable                            0x0800b190   Data          16  system_stm32f4xx.o(.constdata)
    APBPrescTable                            0x0800b1a0   Data           8  system_stm32f4xx.o(.constdata)
    mbedtls_sha224_info                      0x0800d560   Data          48  md_wrap.o(.constdata)
    mbedtls_sha256_info                      0x0800d590   Data          48  md_wrap.o(.constdata)
    mbedtls_sha384_info                      0x0800d5c0   Data          48  md_wrap.o(.constdata)
    mbedtls_sha512_info                      0x0800d5f0   Data          48  md_wrap.o(.constdata)
    Region$$Table$$Base                      0x0800da90   Number         0  anon$$obj.o(Region$$Table)
    Region$$Table$$Limit                     0x0800dab0   Number         0  anon$$obj.o(Region$$Table)
    uwTickFreq                               0x20000000   Data           1  stm32f4xx_hal.o(.data)
    uwTickPrio                               0x20000004   Data           4  stm32f4xx_hal.o(.data)
    uwTick                                   0x20000008   Data           4  stm32f4xx_hal.o(.data)
    SystemCoreClock                          0x2000000c   Data           4  system_stm32f4xx.o(.data)
    __aeabi_stdin                            0x20000018   Data           4  stdio_streams.o(.data)
    __aeabi_stdout                           0x2000001c   Data           4  stdio_streams.o(.data)
    __aeabi_stderr                           0x20000020   Data           4  stdio_streams.o(.data)
    hrng                                     0x20000024   Data          16  main.o(.bss)
    huart1                                   0x20000034   Data          68  main.o(.bss)
    buf                                      0x20000078   Data          97  main.o(.bss)
    ssl                                      0x200000e0   Data         188  mbedtls.o(.bss)
    conf                                     0x2000019c   Data          88  mbedtls.o(.bss)
    cert                                     0x200001f4   Data         308  mbedtls.o(.bss)
    ctr_drbg                                 0x20000328   Data         320  mbedtls.o(.bss)
    entropy                                  0x20000468   Data         272  mbedtls.o(.bss)
    __stdin                                  0x20000578   Data          84  stdio_streams.o(.bss)
    __stdout                                 0x200005cc   Data          84  stdio_streams.o(.bss)
    __stderr                                 0x20000620   Data          84  stdio_streams.o(.bss)
    __libspace_start                         0x20000674   Data          96  libspace.o(.bss)
    __temporary_stack_top$libspace           0x200006d4   Data           0  libspace.o(.bss)



==============================================================================

Memory Map of the image

  Image Entry point : 0x08000189

  Load Region LR_IROM1 (Base: 0x08000000, Size: 0x0000daf0, Max: 0x00100000, ABSOLUTE)

    Execution Region ER_IROM1 (Base: 0x08000000, Size: 0x0000dacc, Max: 0x00100000, ABSOLUTE)

    Base Addr    Size         Type   Attr      Idx    E Section Name        Object

    0x08000000   0x00000188   Data   RO            3    RESET               startup_stm32f407xx.o
    0x08000188   0x00000008   Code   RO         6513  * !!!main             c_w.l(__main.o)
    0x08000190   0x00000034   Code   RO         6840    !!!scatter          c_w.l(__scatter.o)
    0x080001c4   0x0000001a   Code   RO         6842    !!handler_copy      c_w.l(__scatter_copy.o)
    0x080001de   0x00000002   PAD
    0x080001e0   0x0000001c   Code   RO         6844    !!handler_zi        c_w.l(__scatter_zi.o)
    0x080001fc   0x00000000   Code   RO         6488    .ARM.Collect$$_printf_percent$$00000000  c_w.l(_printf_percent.o)
    0x080001fc   0x00000006   Code   RO         6487    .ARM.Collect$$_printf_percent$$00000003  c_w.l(_printf_f.o)
    0x08000202   0x00000006   Code   RO         6485    .ARM.Collect$$_printf_percent$$00000009  c_w.l(_printf_d.o)
    0x08000208   0x00000006   Code   RO         6486    .ARM.Collect$$_printf_percent$$0000000A  c_w.l(_printf_u.o)
    0x0800020e   0x00000006   Code   RO         6484    .ARM.Collect$$_printf_percent$$0000000C  c_w.l(_printf_x.o)
    0x08000214   0x00000006   Code   RO         6483    .ARM.Collect$$_printf_percent$$00000014  c_w.l(_printf_s.o)
    0x0800021a   0x00000004   Code   RO         6575    .ARM.Collect$$_printf_percent$$00000017  c_w.l(_printf_percent_end.o)
    0x0800021e   0x00000002   Code   RO         6766    .ARM.Collect$$libinit$$00000000  c_w.l(libinit.o)
    0x08000220   0x00000004   Code   RO         6675    .ARM.Collect$$libinit$$00000001  c_w.l(libinit2.o)
    0x08000224   0x00000000   Code   RO         6678    .ARM.Collect$$libinit$$00000004  c_w.l(libinit2.o)
    0x08000224   0x00000008   Code   RO         6679    .ARM.Collect$$libinit$$00000005  c_w.l(libinit2.o)
    0x0800022c   0x00000000   Code   RO         6681    .ARM.Collect$$libinit$$0000000A  c_w.l(libinit2.o)
    0x0800022c   0x00000000   Code   RO         6683    .ARM.Collect$$libinit$$0000000C  c_w.l(libinit2.o)
    0x0800022c   0x00000000   Code   RO         6685    .ARM.Collect$$libinit$$0000000E  c_w.l(libinit2.o)
    0x0800022c   0x00000006   Code   RO         6686    .ARM.Collect$$libinit$$0000000F  c_w.l(libinit2.o)
    0x08000232   0x00000000   Code   RO         6688    .ARM.Collect$$libinit$$00000011  c_w.l(libinit2.o)
    0x08000232   0x00000000   Code   RO         6690    .ARM.Collect$$libinit$$00000013  c_w.l(libinit2.o)
    0x08000232   0x00000000   Code   RO         6692    .ARM.Collect$$libinit$$00000015  c_w.l(libinit2.o)
    0x08000232   0x0000000a   Code   RO         6693    .ARM.Collect$$libinit$$00000016  c_w.l(libinit2.o)
    0x0800023c   0x00000000   Code   RO         6694    .ARM.Collect$$libinit$$00000017  c_w.l(libinit2.o)
    0x0800023c   0x00000000   Code   RO         6696    .ARM.Collect$$libinit$$00000019  c_w.l(libinit2.o)
    0x0800023c   0x00000000   Code   RO         6698    .ARM.Collect$$libinit$$0000001B  c_w.l(libinit2.o)
    0x0800023c   0x00000000   Code   RO         6700    .ARM.Collect$$libinit$$0000001D  c_w.l(libinit2.o)
    0x0800023c   0x00000000   Code   RO         6702    .ARM.Collect$$libinit$$0000001F  c_w.l(libinit2.o)
    0x0800023c   0x00000000   Code   RO         6704    .ARM.Collect$$libinit$$00000021  c_w.l(libinit2.o)
    0x0800023c   0x00000000   Code   RO         6706    .ARM.Collect$$libinit$$00000023  c_w.l(libinit2.o)
    0x0800023c   0x00000004   Code   RO         6707    .ARM.Collect$$libinit$$00000024  c_w.l(libinit2.o)
    0x08000240   0x00000000   Code   RO         6708    .ARM.Collect$$libinit$$00000025  c_w.l(libinit2.o)
    0x08000240   0x00000000   Code   RO         6712    .ARM.Collect$$libinit$$0000002C  c_w.l(libinit2.o)
    0x08000240   0x00000000   Code   RO         6714    .ARM.Collect$$libinit$$0000002E  c_w.l(libinit2.o)
    0x08000240   0x00000000   Code   RO         6716    .ARM.Collect$$libinit$$00000030  c_w.l(libinit2.o)
    0x08000240   0x00000000   Code   RO         6718    .ARM.Collect$$libinit$$00000032  c_w.l(libinit2.o)
    0x08000240   0x00000002   Code   RO         6719    .ARM.Collect$$libinit$$00000033  c_w.l(libinit2.o)
    0x08000242   0x00000002   Code   RO         6837    .ARM.Collect$$libshutdown$$00000000  c_w.l(libshutdown.o)
    0x08000244   0x00000004   Code   RO         6768    .ARM.Collect$$libshutdown$$00000002  c_w.l(libshutdown2.o)
    0x08000248   0x00000000   Code   RO         6769    .ARM.Collect$$libshutdown$$00000003  c_w.l(libshutdown2.o)
    0x08000248   0x00000000   Code   RO         6772    .ARM.Collect$$libshutdown$$00000006  c_w.l(libshutdown2.o)
    0x08000248   0x00000000   Code   RO         6775    .ARM.Collect$$libshutdown$$00000009  c_w.l(libshutdown2.o)
    0x08000248   0x00000000   Code   RO         6777    .ARM.Collect$$libshutdown$$0000000B  c_w.l(libshutdown2.o)
    0x08000248   0x00000000   Code   RO         6780    .ARM.Collect$$libshutdown$$0000000E  c_w.l(libshutdown2.o)
    0x08000248   0x00000002   Code   RO         6781    .ARM.Collect$$libshutdown$$0000000F  c_w.l(libshutdown2.o)
    0x0800024a   0x00000000   Code   RO         6529    .ARM.Collect$$rtentry$$00000000  c_w.l(__rtentry.o)
    0x0800024a   0x00000000   Code   RO         6593    .ARM.Collect$$rtentry$$00000002  c_w.l(__rtentry2.o)
    0x0800024a   0x00000006   Code   RO         6605    .ARM.Collect$$rtentry$$00000004  c_w.l(__rtentry4.o)
    0x08000250   0x00000000   Code   RO         6595    .ARM.Collect$$rtentry$$00000009  c_w.l(__rtentry2.o)
    0x08000250   0x00000004   Code   RO         6596    .ARM.Collect$$rtentry$$0000000A  c_w.l(__rtentry2.o)
    0x08000254   0x00000000   Code   RO         6598    .ARM.Collect$$rtentry$$0000000C  c_w.l(__rtentry2.o)
    0x08000254   0x00000008   Code   RO         6599    .ARM.Collect$$rtentry$$0000000D  c_w.l(__rtentry2.o)
    0x0800025c   0x00000002   Code   RO         6785    .ARM.Collect$$rtexit$$00000000  c_w.l(rtexit.o)
    0x0800025e   0x00000000   Code   RO         6808    .ARM.Collect$$rtexit$$00000002  c_w.l(rtexit2.o)
    0x0800025e   0x00000004   Code   RO         6809    .ARM.Collect$$rtexit$$00000003  c_w.l(rtexit2.o)
    0x08000262   0x00000006   Code   RO         6810    .ARM.Collect$$rtexit$$00000004  c_w.l(rtexit2.o)
    0x08000268   0x00000000   Code   RO         6614    .emb_text           c_w.l(maybetermalloc1.o)
    0x08000268   0x00000040   Code   RO            4    .text               startup_stm32f407xx.o
    0x080002a8   0x00000002   Code   RO         6364    .text               c_w.l(use_no_semi.o)
    0x080002aa   0x00000028   Code   RO         6368    .text               c_w.l(calloc.o)
    0x080002d2   0x0000004e   Code   RO         6370    .text               c_w.l(h1_free.o)
    0x08000320   0x000000ee   Code   RO         6424    .text               c_w.l(lludivv7m.o)
    0x0800040e   0x00000002   PAD
    0x08000410   0x00000018   Code   RO         6426    .text               c_w.l(__2printf.o)
    0x08000428   0x0000004e   Code   RO         6436    .text               c_w.l(_printf_pad.o)
    0x08000476   0x00000052   Code   RO         6438    .text               c_w.l(_printf_str.o)
    0x080004c8   0x00000078   Code   RO         6440    .text               c_w.l(_printf_dec.o)
    0x08000540   0x00000058   Code   RO         6445    .text               c_w.l(_printf_hex_int.o)
    0x08000598   0x00000188   Code   RO         6480    .text               c_w.l(__printf_flags_ss_wp.o)
    0x08000720   0x0000003e   Code   RO         6493    .text               c_w.l(strlen.o)
    0x0800075e   0x0000008a   Code   RO         6495    .text               c_w.l(rt_memcpy_v6.o)
    0x080007e8   0x00000064   Code   RO         6499    .text               c_w.l(rt_memcpy_w.o)
    0x0800084c   0x00000016   Code   RO         6501    .text               c_w.l(memset.o)
    0x08000862   0x00000010   Code   RO         6503    .text               c_w.l(aeabi_memset.o)
    0x08000872   0x00000044   Code   RO         6505    .text               c_w.l(rt_memclr.o)
    0x080008b6   0x0000004e   Code   RO         6507    .text               c_w.l(rt_memclr_w.o)
    0x08000904   0x00000080   Code   RO         6509    .text               c_w.l(strcmpv7m.o)
    0x08000984   0x00000006   Code   RO         6511    .text               c_w.l(heapauxi.o)
    0x0800098a   0x00000002   PAD
    0x0800098c   0x00000008   Code   RO         6537    .text               c_w.l(rt_heap_descriptor_intlibspace.o)
    0x08000994   0x00000004   Code   RO         6539    .text               c_w.l(hguard.o)
    0x08000998   0x0000008a   Code   RO         6541    .text               c_w.l(init_alloc.o)
    0x08000a22   0x0000005e   Code   RO         6547    .text               c_w.l(h1_alloc.o)
    0x08000a80   0x000000b2   Code   RO         6561    .text               c_w.l(_printf_intcommon.o)
    0x08000b32   0x0000041a   Code   RO         6563    .text               c_w.l(_printf_fp_dec.o)
    0x08000f4c   0x00000030   Code   RO         6565    .text               c_w.l(_printf_char_common.o)
    0x08000f7c   0x0000002c   Code   RO         6571    .text               c_w.l(_printf_char.o)
    0x08000fa8   0x00000024   Code   RO         6573    .text               c_w.l(_printf_char_file.o)
    0x08000fcc   0x00000008   Code   RO         6589    .text               c_w.l(libspace.o)
    0x08000fd4   0x00000008   Code   RO         6612    .text               c_w.l(rt_locale_intlibspace.o)
    0x08000fdc   0x0000000e   Code   RO         6616    .text               c_w.l(h1_init.o)
    0x08000fea   0x00000034   Code   RO         6618    .text               c_w.l(h1_extend.o)
    0x0800101e   0x0000008a   Code   RO         6624    .text               c_w.l(lludiv10.o)
    0x080010a8   0x00000080   Code   RO         6626    .text               c_w.l(_printf_fp_infnan.o)
    0x08001128   0x000000dc   Code   RO         6630    .text               c_w.l(bigflt0.o)
    0x08001204   0x00000008   Code   RO         6655    .text               c_w.l(ferror.o)
    0x0800120c   0x00000138   Code   RO         6657    .text               c_w.l(initio.o)
    0x08001344   0x0000000e   Code   RO         6666    .text               c_w.l(defsig_rtmem_outer.o)
    0x08001352   0x0000004a   Code   RO         6726    .text               c_w.l(sys_stackheap_outer.o)
    0x0800139c   0x00000046   Code   RO         6734    .text               c_w.l(setvbuf.o)
    0x080013e2   0x00000002   PAD
    0x080013e4   0x000000ec   Code   RO         6737    .text               c_w.l(fopen.o)
    0x080014d0   0x0000004c   Code   RO         6739    .text               c_w.l(fclose.o)
    0x0800151c   0x0000000c   Code   RO         6745    .text               c_w.l(exit.o)
    0x08001528   0x0000000a   Code   RO         6747    .text               c_w.l(defsig_exit.o)
    0x08001532   0x0000000e   Code   RO         6753    .text               c_w.l(defsig_rtred_outer.o)
    0x08001540   0x00000050   Code   RO         6757    .text               c_w.l(defsig_rtmem_inner.o)
    0x08001590   0x000000f8   Code   RO         6791    .text               c_w.l(fseek.o)
    0x08001688   0x000000f0   Code   RO         6793    .text               c_w.l(stdio.o)
    0x08001778   0x00000032   Code   RO         6797    .text               c_w.l(defsig_general.o)
    0x080017aa   0x00000002   PAD
    0x080017ac   0x00000034   Code   RO         6801    .text               c_w.l(defsig_rtred_inner.o)
    0x080017e0   0x00000042   Code   RO         6814    .text               c_w.l(ftell.o)
    0x08001822   0x00000002   PAD
    0x08001824   0x00000008   Code   RO         6821    .text               c_w.l(rt_errno_addr_intlibspace.o)
    0x0800182c   0x0000003e   Code   RO         6633    CL$$btod_d2e        c_w.l(btod.o)
    0x0800186a   0x00000046   Code   RO         6635    CL$$btod_d2e_denorm_low  c_w.l(btod.o)
    0x080018b0   0x00000060   Code   RO         6634    CL$$btod_d2e_norm_op1  c_w.l(btod.o)
    0x08001910   0x00000338   Code   RO         6643    CL$$btod_div_common  c_w.l(btod.o)
    0x08001c48   0x000000c6   Code   RO         6640    CL$$btod_e2e        c_w.l(btod.o)
    0x08001d0e   0x00000028   Code   RO         6637    CL$$btod_ediv       c_w.l(btod.o)
    0x08001d36   0x00000028   Code   RO         6636    CL$$btod_emul       c_w.l(btod.o)
    0x08001d5e   0x00000244   Code   RO         6642    CL$$btod_mult_common  c_w.l(btod.o)
    0x08001fa2   0x00000002   Code   RO          237    i.BusFault_Handler  stm32f4xx_it.o
    0x08001fa4   0x00000002   Code   RO          238    i.DebugMon_Handler  stm32f4xx_it.o
    0x08001fa6   0x00000004   Code   RO           13    i.Error_Handler     main.o
    0x08001faa   0x00000092   Code   RO          977    i.HAL_DMA_Abort     stm32f4xx_hal_dma.o
    0x0800203c   0x00000024   Code   RO          978    i.HAL_DMA_Abort_IT  stm32f4xx_hal_dma.o
    0x08002060   0x000001f0   Code   RO          870    i.HAL_GPIO_Init     stm32f4xx_hal_gpio.o
    0x08002250   0x0000000c   Code   RO         1402    i.HAL_GetTick       stm32f4xx_hal.o
    0x0800225c   0x00000010   Code   RO         1408    i.HAL_IncTick       stm32f4xx_hal.o
    0x0800226c   0x00000034   Code   RO         1409    i.HAL_Init          stm32f4xx_hal.o
    0x080022a0   0x00000040   Code   RO         1410    i.HAL_InitTick      stm32f4xx_hal.o
    0x080022e0   0x00000030   Code   RO          319    i.HAL_MspInit       stm32f4xx_hal_msp.o
    0x08002310   0x0000001a   Code   RO         1259    i.HAL_NVIC_EnableIRQ  stm32f4xx_hal_cortex.o
    0x0800232a   0x00000002   PAD
    0x0800232c   0x00000040   Code   RO         1265    i.HAL_NVIC_SetPriority  stm32f4xx_hal_cortex.o
    0x0800236c   0x00000024   Code   RO         1266    i.HAL_NVIC_SetPriorityGrouping  stm32f4xx_hal_cortex.o
    0x08002390   0x00000134   Code   RO          516    i.HAL_RCC_ClockConfig  stm32f4xx_hal_rcc.o
    0x080024c4   0x00000020   Code   RO          523    i.HAL_RCC_GetPCLK1Freq  stm32f4xx_hal_rcc.o
    0x080024e4   0x00000020   Code   RO          524    i.HAL_RCC_GetPCLK2Freq  stm32f4xx_hal_rcc.o
    0x08002504   0x00000064   Code   RO          525    i.HAL_RCC_GetSysClockFreq  stm32f4xx_hal_rcc.o
    0x08002568   0x0000036c   Code   RO          528    i.HAL_RCC_OscConfig  stm32f4xx_hal_rcc.o
    0x080028d4   0x0000007e   Code   RO         1660    i.HAL_RNG_GenerateRandomNumber  stm32f4xx_hal_rng.o
    0x08002952   0x00000032   Code   RO         1667    i.HAL_RNG_Init      stm32f4xx_hal_rng.o
    0x08002984   0x00000028   Code   RO          321    i.HAL_RNG_MspInit   stm32f4xx_hal_msp.o
    0x080029ac   0x00000028   Code   RO         1270    i.HAL_SYSTICK_Config  stm32f4xx_hal_cortex.o
    0x080029d4   0x00000002   Code   RO         1807    i.HAL_UARTEx_RxEventCallback  stm32f4xx_hal_uart.o
    0x080029d6   0x00000002   Code   RO         1821    i.HAL_UART_ErrorCallback  stm32f4xx_hal_uart.o
    0x080029d8   0x00000268   Code   RO         1824    i.HAL_UART_IRQHandler  stm32f4xx_hal_uart.o
    0x08002c40   0x00000062   Code   RO         1825    i.HAL_UART_Init     stm32f4xx_hal_uart.o
    0x08002ca2   0x00000002   PAD
    0x08002ca4   0x0000007c   Code   RO          323    i.HAL_UART_MspInit  stm32f4xx_hal_msp.o
    0x08002d20   0x00000002   Code   RO         1831    i.HAL_UART_RxCpltCallback  stm32f4xx_hal_uart.o
    0x08002d22   0x00000002   PAD
    0x08002d24   0x000000b2   Code   RO         1833    i.HAL_UART_Transmit  stm32f4xx_hal_uart.o
    0x08002dd6   0x00000002   Code   RO         1836    i.HAL_UART_TxCpltCallback  stm32f4xx_hal_uart.o
    0x08002dd8   0x00000002   Code   RO          239    i.HardFault_Handler  stm32f4xx_it.o
    0x08002dda   0x00000002   PAD
    0x08002ddc   0x00000038   Code   RO          398    i.MX_MBEDTLS_Init   mbedtls.o
    0x08002e14   0x00000002   Code   RO          240    i.MemManage_Handler  stm32f4xx_it.o
    0x08002e16   0x00000002   Code   RO          241    i.NMI_Handler       stm32f4xx_it.o
    0x08002e18   0x00000002   Code   RO          242    i.PendSV_Handler    stm32f4xx_it.o
    0x08002e1a   0x00000002   Code   RO          243    i.SVC_Handler       stm32f4xx_it.o
    0x08002e1c   0x00000004   Code   RO          244    i.SysTick_Handler   stm32f4xx_it.o
    0x08002e20   0x0000008c   Code   RO           14    i.SystemClock_Config  main.o
    0x08002eac   0x00000010   Code   RO         2154    i.SystemInit        system_stm32f4xx.o
    0x08002ebc   0x00000010   Code   RO         1838    i.UART_DMAAbortOnError  stm32f4xx_hal_uart.o
    0x08002ecc   0x0000004e   Code   RO         1848    i.UART_EndRxTransfer  stm32f4xx_hal_uart.o
    0x08002f1a   0x000000c0   Code   RO         1850    i.UART_Receive_IT   stm32f4xx_hal_uart.o
    0x08002fda   0x00000002   PAD
    0x08002fdc   0x0000010c   Code   RO         1851    i.UART_SetConfig    stm32f4xx_hal_uart.o
    0x080030e8   0x00000078   Code   RO         1854    i.UART_WaitOnFlagUntilTimeout  stm32f4xx_hal_uart.o
    0x08003160   0x0000000c   Code   RO          245    i.USART1_IRQHandler  stm32f4xx_it.o
    0x0800316c   0x00000002   Code   RO          246    i.UsageFault_Handler  stm32f4xx_it.o
    0x0800316e   0x00000030   Code   RO         6722    i.__ARM_fpclassify  m_wm.l(fpclassify.o)
    0x0800319e   0x00000020   Code   RO         1272    i.__NVIC_SetPriority  stm32f4xx_hal_cortex.o
    0x080031be   0x0000000e   Code   RO         6473    i._is_digit         c_w.l(__printf_wp.o)
    0x080031cc   0x00000004   Code   RO          413    i._sys_close        retarget.o
    0x080031d0   0x00000002   Code   RO          415    i._sys_exit         retarget.o
    0x080031d2   0x00000004   Code   RO          416    i._sys_flen         retarget.o
    0x080031d6   0x00000004   Code   RO          417    i._sys_istty        retarget.o
    0x080031da   0x00000006   Code   RO          418    i._sys_open         retarget.o
    0x080031e0   0x00000006   Code   RO          420    i._sys_seek         retarget.o
    0x080031e6   0x00000004   Code   RO          422    i._sys_write        retarget.o
    0x080031ea   0x00000002   Code   RO          423    i._ttywrch          retarget.o
    0x080031ec   0x0000001a   Code   RO         4108    i.add32             ecp_curves.o
    0x08003206   0x00000156   Code   RO         3521    i.block_cipher_df   ctr_drbg.o
    0x0800335c   0x00000084   Code   RO         3522    i.ctr_drbg_update_internal  ctr_drbg.o
    0x080033e0   0x0000005c   Code   RO         3701    i.derive_mpi        ecdsa.o
    0x0800343c   0x00000050   Code   RO           15    i.dump_buf          main.o
    0x0800348c   0x00000174   Code   RO         3702    i.ecdsa_sign_restartable  ecdsa.o
    0x08003600   0x00000138   Code   RO         3704    i.ecdsa_verify_restartable  ecdsa.o
    0x08003738   0x00000358   Code   RO         3793    i.ecp_add_mixed     ecp.o
    0x08003a90   0x00000140   Code   RO         3794    i.ecp_check_pubkey_sw  ecp.o
    0x08003bd0   0x00000078   Code   RO         3795    i.ecp_comb_recode_core  ecp.o
    0x08003c48   0x00000094   Code   RO         3796    i.ecp_comb_recode_scalar  ecp.o
    0x08003cdc   0x000002dc   Code   RO         3797    i.ecp_double_add_mxz  ecp.o
    0x08003fb8   0x000003d0   Code   RO         3798    i.ecp_double_jac    ecp.o
    0x08004388   0x00000014   Code   RO         3799    i.ecp_get_type      ecp.o
    0x0800439c   0x00000084   Code   RO         4109    i.ecp_group_load    ecp_curves.o
    0x08004420   0x00000432   Code   RO         4110    i.ecp_mod_p256      ecp_curves.o
    0x08004852   0x00000560   Code   RO         4111    i.ecp_mod_p384      ecp_curves.o
    0x08004db2   0x00000002   PAD
    0x08004db4   0x000000d0   Code   RO         4112    i.ecp_mod_p448      ecp_curves.o
    0x08004e84   0x00000088   Code   RO         3800    i.ecp_modp          ecp.o
    0x08004f0c   0x0000000c   Code   RO         4113    i.ecp_mpi_load      ecp_curves.o
    0x08004f18   0x000000ec   Code   RO         3801    i.ecp_mul_comb      ecp.o
    0x08005004   0x00000096   Code   RO         3802    i.ecp_mul_comb_core  ecp.o
    0x0800509a   0x00000138   Code   RO         3803    i.ecp_mul_mxz       ecp.o
    0x080051d2   0x000000ba   Code   RO         3804    i.ecp_normalize_jac  ecp.o
    0x0800528c   0x000001ec   Code   RO         3805    i.ecp_normalize_jac_many  ecp.o
    0x08005478   0x00000102   Code   RO         3806    i.ecp_precompute_comb  ecp.o
    0x0800557a   0x00000002   PAD
    0x0800557c   0x00000104   Code   RO         3807    i.ecp_randomize_jac  ecp.o
    0x08005680   0x000000a0   Code   RO         3808    i.ecp_randomize_mxz  ecp.o
    0x08005720   0x00000044   Code   RO         3809    i.ecp_safe_invert_jac  ecp.o
    0x08005764   0x00000068   Code   RO         3810    i.ecp_select_comb   ecp.o
    0x080057cc   0x00000114   Code   RO         4114    i.ecp_use_curve448  ecp_curves.o
    0x080058e0   0x00000024   Code   RO           16    i.enable_dwt        main.o
    0x08005904   0x00000082   Code   RO         4168    i.entropy_gather_internal  entropy.o
    0x08005986   0x00000070   Code   RO         4169    i.entropy_update    entropy.o
    0x080059f6   0x0000002a   Code   RO         4115    i.fix_negative      ecp_curves.o
    0x08005a20   0x00000018   Code   RO         1416    i.fputc             stm32f4xx_hal.o
    0x08005a38   0x00000694   Code   RO           19    i.main              main.o
    0x080060cc   0x00000018   Code   RO         2188    i.mbedtls_aes_crypt_ecb  aes.o
    0x080060e4   0x0000000e   Code   RO         2193    i.mbedtls_aes_free  aes.o
    0x080060f2   0x00000008   Code   RO         2194    i.mbedtls_aes_init  aes.o
    0x080060fa   0x00000002   PAD
    0x080060fc   0x0000019c   Code   RO         2196    i.mbedtls_aes_setkey_enc  aes.o
    0x08006298   0x00000016   Code   RO         2542    i.mbedtls_clz       bignum.o
    0x080062ae   0x0000001e   Code   RO         3523    i.mbedtls_ctr_drbg_free  ctr_drbg.o
    0x080062cc   0x00000008   Code   RO         3524    i.mbedtls_ctr_drbg_init  ctr_drbg.o
    0x080062d4   0x0000000c   Code   RO         3525    i.mbedtls_ctr_drbg_random  ctr_drbg.o
    0x080062e0   0x000000d6   Code   RO         3526    i.mbedtls_ctr_drbg_random_with_add  ctr_drbg.o
    0x080063b6   0x00000082   Code   RO         3527    i.mbedtls_ctr_drbg_reseed  ctr_drbg.o
    0x08006438   0x00000010   Code   RO         3528    i.mbedtls_ctr_drbg_seed  ctr_drbg.o
    0x08006448   0x00000050   Code   RO         3529    i.mbedtls_ctr_drbg_seed_entropy_len  ctr_drbg.o
    0x08006498   0x0000000a   Code   RO         3705    i.mbedtls_ecdsa_free  ecdsa.o
    0x080064a2   0x00000024   Code   RO         3707    i.mbedtls_ecdsa_genkey  ecdsa.o
    0x080064c6   0x00000004   Code   RO         3708    i.mbedtls_ecdsa_init  ecdsa.o
    0x080064ca   0x0000001c   Code   RO         3711    i.mbedtls_ecdsa_sign  ecdsa.o
    0x080064e6   0x00000012   Code   RO         3712    i.mbedtls_ecdsa_verify  ecdsa.o
    0x080064f8   0x0000007c   Code   RO         3811    i.mbedtls_ecp_check_privkey  ecp.o
    0x08006574   0x00000058   Code   RO         3813    i.mbedtls_ecp_check_pubkey  ecp.o
    0x080065cc   0x00000030   Code   RO         3814    i.mbedtls_ecp_copy  ecp.o
    0x080065fc   0x00000016   Code   RO         3820    i.mbedtls_ecp_gen_keypair  ecp.o
    0x08006612   0x00000032   Code   RO         3821    i.mbedtls_ecp_gen_keypair_base  ecp.o
    0x08006644   0x000000ec   Code   RO         3822    i.mbedtls_ecp_gen_privkey  ecp.o
    0x08006730   0x00000064   Code   RO         3824    i.mbedtls_ecp_group_free  ecp.o
    0x08006794   0x00000042   Code   RO         3825    i.mbedtls_ecp_group_init  ecp.o
    0x080067d6   0x00000002   PAD
    0x080067d8   0x000000ac   Code   RO         4116    i.mbedtls_ecp_group_load  ecp_curves.o
    0x08006884   0x00000014   Code   RO         3827    i.mbedtls_ecp_is_zero  ecp.o
    0x08006898   0x00000020   Code   RO         3828    i.mbedtls_ecp_keypair_free  ecp.o
    0x080068b8   0x0000001c   Code   RO         3829    i.mbedtls_ecp_keypair_init  ecp.o
    0x080068d4   0x00000012   Code   RO         3830    i.mbedtls_ecp_mul   ecp.o
    0x080068e6   0x00000002   PAD
    0x080068e8   0x0000007c   Code   RO         3831    i.mbedtls_ecp_mul_restartable  ecp.o
    0x08006964   0x00000070   Code   RO         3832    i.mbedtls_ecp_mul_shortcuts  ecp.o
    0x080069d4   0x0000007c   Code   RO         3834    i.mbedtls_ecp_muladd_restartable  ecp.o
    0x08006a50   0x00000020   Code   RO         3836    i.mbedtls_ecp_point_free  ecp.o
    0x08006a70   0x0000001c   Code   RO         3837    i.mbedtls_ecp_point_init  ecp.o
    0x08006a8c   0x000000a4   Code   RO         3840    i.mbedtls_ecp_point_write_binary  ecp.o
    0x08006b30   0x0000002c   Code   RO         3841    i.mbedtls_ecp_set_zero  ecp.o
    0x08006b5c   0x00000030   Code   RO         4170    i.mbedtls_entropy_add_source  entropy.o
    0x08006b8c   0x0000001e   Code   RO         4171    i.mbedtls_entropy_free  entropy.o
    0x08006baa   0x00000002   PAD
    0x08006bac   0x000000de   Code   RO         4172    i.mbedtls_entropy_func  entropy.o
    0x08006c8a   0x00000002   PAD
    0x08006c8c   0x00000034   Code   RO         4174    i.mbedtls_entropy_init  entropy.o
    0x08006cc0   0x00000040   Code   RO          367    i.mbedtls_hardware_poll  hardware_rng.o
    0x08006d00   0x000000b4   Code   RO         2543    i.mbedtls_int_div_int  bignum.o
    0x08006db4   0x000003cc   Code   RO         2203    i.mbedtls_internal_aes_decrypt  aes.o
    0x08007180   0x000003c8   Code   RO         2204    i.mbedtls_internal_aes_encrypt  aes.o
    0x08007548   0x0000083c   Code   RO         5123    i.mbedtls_internal_sha256_process  sha256.o
    0x08007d84   0x000009f4   Code   RO         5211    i.mbedtls_internal_sha512_process  sha512.o
    0x08008778   0x00000020   Code   RO         4334    i.mbedtls_md        md.o
    0x08008798   0x00000036   Code   RO         4337    i.mbedtls_md_free   md.o
    0x080087ce   0x00000002   PAD
    0x080087d0   0x00000034   Code   RO         4347    i.mbedtls_md_info_from_type  md.o
    0x08008804   0x0000000a   Code   RO         4348    i.mbedtls_md_init   md.o
    0x0800880e   0x00000002   PAD
    0x08008810   0x000000b6   Code   RO         2544    i.mbedtls_mpi_add_abs  bignum.o
    0x080088c6   0x0000002e   Code   RO         2545    i.mbedtls_mpi_add_int  bignum.o
    0x080088f4   0x0000004e   Code   RO         2546    i.mbedtls_mpi_add_mpi  bignum.o
    0x08008942   0x00000030   Code   RO         2547    i.mbedtls_mpi_bitlen  bignum.o
    0x08008972   0x00000002   PAD
    0x08008974   0x00000064   Code   RO         2548    i.mbedtls_mpi_cmp_abs  bignum.o
    0x080089d8   0x0000002e   Code   RO         2549    i.mbedtls_mpi_cmp_int  bignum.o
    0x08008a06   0x00000002   PAD
    0x08008a08   0x0000008c   Code   RO         2550    i.mbedtls_mpi_cmp_mpi  bignum.o
    0x08008a94   0x00000064   Code   RO         2551    i.mbedtls_mpi_copy  bignum.o
    0x08008af8   0x0000030a   Code   RO         2553    i.mbedtls_mpi_div_mpi  bignum.o
    0x08008e02   0x00000060   Code   RO         2555    i.mbedtls_mpi_fill_random  bignum.o
    0x08008e62   0x00000022   Code   RO         2556    i.mbedtls_mpi_free  bignum.o
    0x08008e84   0x00000100   Code   RO         2557    i.mbedtls_mpi_gcd   bignum.o
    0x08008f84   0x00000020   Code   RO         2558    i.mbedtls_mpi_get_bit  bignum.o
    0x08008fa4   0x00000050   Code   RO         2559    i.mbedtls_mpi_grow  bignum.o
    0x08008ff4   0x0000000c   Code   RO         2560    i.mbedtls_mpi_init  bignum.o
    0x08009000   0x00000268   Code   RO         2561    i.mbedtls_mpi_inv_mod  bignum.o
    0x08009268   0x0000002e   Code   RO         2562    i.mbedtls_mpi_lsb   bignum.o
    0x08009296   0x00000038   Code   RO         2563    i.mbedtls_mpi_lset  bignum.o
    0x080092ce   0x00000062   Code   RO         2565    i.mbedtls_mpi_mod_mpi  bignum.o
    0x08009330   0x00000018   Code   RO         2566    i.mbedtls_mpi_mul_int  bignum.o
    0x08009348   0x000000c2   Code   RO         2567    i.mbedtls_mpi_mul_mpi  bignum.o
    0x0800940a   0x00000062   Code   RO         2568    i.mbedtls_mpi_read_binary  bignum.o
    0x0800946c   0x00000118   Code   RO         2569    i.mbedtls_mpi_read_string  bignum.o
    0x08009584   0x0000006c   Code   RO         2570    i.mbedtls_mpi_safe_cond_assign  bignum.o
    0x080095f0   0x0000008a   Code   RO         2571    i.mbedtls_mpi_safe_cond_swap  bignum.o
    0x0800967a   0x00000056   Code   RO         2572    i.mbedtls_mpi_set_bit  bignum.o
    0x080096d0   0x0000009e   Code   RO         2573    i.mbedtls_mpi_shift_l  bignum.o
    0x0800976e   0x00000002   PAD
    0x08009770   0x00000082   Code   RO         2574    i.mbedtls_mpi_shift_r  bignum.o
    0x080097f2   0x0000006c   Code   RO         2575    i.mbedtls_mpi_shrink  bignum.o
    0x0800985e   0x0000000c   Code   RO         2576    i.mbedtls_mpi_size  bignum.o
    0x0800986a   0x0000006e   Code   RO         2577    i.mbedtls_mpi_sub_abs  bignum.o
    0x080098d8   0x0000002e   Code   RO         2578    i.mbedtls_mpi_sub_int  bignum.o
    0x08009906   0x00000050   Code   RO         2579    i.mbedtls_mpi_sub_mpi  bignum.o
    0x08009956   0x00000068   Code   RO         2581    i.mbedtls_mpi_write_binary  bignum.o
    0x080099be   0x00000006   Code   RO         2583    i.mbedtls_mpi_zeroize  bignum.o
    0x080099c4   0x00000010   Code   RO         5046    i.mbedtls_platform_zeroize  platform_util.o
    0x080099d4   0x00000006   Code   RO         5125    i.mbedtls_sha256_clone  sha256.o
    0x080099da   0x00000146   Code   RO         5127    i.mbedtls_sha256_finish_ret  sha256.o
    0x08009b20   0x0000000c   Code   RO         5128    i.mbedtls_sha256_free  sha256.o
    0x08009b2c   0x00000006   Code   RO         5129    i.mbedtls_sha256_init  sha256.o
    0x08009b32   0x00000042   Code   RO         5131    i.mbedtls_sha256_ret  sha256.o
    0x08009b74   0x00000090   Code   RO         5133    i.mbedtls_sha256_starts_ret  sha256.o
    0x08009c04   0x00000074   Code   RO         5135    i.mbedtls_sha256_update_ret  sha256.o
    0x08009c78   0x00000006   Code   RO         5213    i.mbedtls_sha512_clone  sha512.o
    0x08009c7e   0x00000312   Code   RO         5215    i.mbedtls_sha512_finish_ret  sha512.o
    0x08009f90   0x0000000c   Code   RO         5216    i.mbedtls_sha512_free  sha512.o
    0x08009f9c   0x00000006   Code   RO         5217    i.mbedtls_sha512_init  sha512.o
    0x08009fa2   0x00000042   Code   RO         5219    i.mbedtls_sha512_ret  sha512.o
    0x08009fe4   0x00000114   Code   RO         5221    i.mbedtls_sha512_starts_ret  sha512.o
    0x0800a0f8   0x0000008a   Code   RO         5223    i.mbedtls_sha512_update_ret  sha512.o
    0x0800a182   0x00000006   Code   RO         5497    i.mbedtls_ssl_config_init  ssl_tls.o
    0x0800a188   0x00000006   Code   RO         5517    i.mbedtls_ssl_init  ssl_tls.o
    0x0800a18e   0x00000008   Code   RO         6214    i.mbedtls_x509_crt_init  x509_crt.o
    0x0800a196   0x0000002a   Code   RO         2584    i.mpi_bigendian_to_host  bignum.o
    0x0800a1c0   0x00000036   Code   RO         2585    i.mpi_get_digit     bignum.o
    0x0800a1f6   0x00000aa4   Code   RO         2588    i.mpi_mul_hlp       bignum.o
    0x0800ac9a   0x0000004c   Code   RO         2589    i.mpi_sub_hlp       bignum.o
    0x0800ace6   0x00000020   Code   RO         2590    i.mpi_uint_bigendian_to_host  bignum.o
    0x0800ad06   0x00000004   Code   RO         4473    i.sha224_clone_wrap  md_wrap.o
    0x0800ad0a   0x00000016   Code   RO         4474    i.sha224_ctx_alloc  md_wrap.o
    0x0800ad20   0x00000012   Code   RO         4475    i.sha224_ctx_free   md_wrap.o
    0x0800ad32   0x00000004   Code   RO         4476    i.sha224_finish_wrap  md_wrap.o
    0x0800ad36   0x00000004   Code   RO         4477    i.sha224_process_wrap  md_wrap.o
    0x0800ad3a   0x00000006   Code   RO         4478    i.sha224_starts_wrap  md_wrap.o
    0x0800ad40   0x00000004   Code   RO         4479    i.sha224_update_wrap  md_wrap.o
    0x0800ad44   0x00000006   Code   RO         4480    i.sha224_wrap       md_wrap.o
    0x0800ad4a   0x00000006   Code   RO         4481    i.sha256_starts_wrap  md_wrap.o
    0x0800ad50   0x00000006   Code   RO         4482    i.sha256_wrap       md_wrap.o
    0x0800ad56   0x00000004   Code   RO         4483    i.sha384_clone_wrap  md_wrap.o
    0x0800ad5a   0x00000016   Code   RO         4484    i.sha384_ctx_alloc  md_wrap.o
    0x0800ad70   0x00000012   Code   RO         4485    i.sha384_ctx_free   md_wrap.o
    0x0800ad82   0x00000004   Code   RO         4486    i.sha384_finish_wrap  md_wrap.o
    0x0800ad86   0x00000004   Code   RO         4487    i.sha384_process_wrap  md_wrap.o
    0x0800ad8a   0x00000006   Code   RO         4488    i.sha384_starts_wrap  md_wrap.o
    0x0800ad90   0x00000004   Code   RO         4489    i.sha384_update_wrap  md_wrap.o
    0x0800ad94   0x00000006   Code   RO         4490    i.sha384_wrap       md_wrap.o
    0x0800ad9a   0x00000006   Code   RO         4491    i.sha512_starts_wrap  md_wrap.o
    0x0800ada0   0x00000006   Code   RO         4492    i.sha512_wrap       md_wrap.o
    0x0800ada6   0x0000001e   Code   RO         4117    i.sub32             ecp_curves.o
    0x0800adc4   0x0000002c   Code   RO         6664    locale$$code        c_w.l(lc_numeric_c.o)
    0x0800adf0   0x000002b0   Code   RO         6516    x$fpl$ddiv          fz_wm.l(ddiv.o)
    0x0800b0a0   0x00000026   Code   RO         6519    x$fpl$dfltu         fz_wm.l(dflt_clz.o)
    0x0800b0c6   0x0000009c   Code   RO         6584    x$fpl$dnaninf       fz_wm.l(dnaninf.o)
    0x0800b162   0x0000000c   Code   RO         6586    x$fpl$dretinf       fz_wm.l(dretinf.o)
    0x0800b16e   0x0000000a   Code   RO         6782    x$fpl$fpinit        fz_wm.l(fpinit.o)
    0x0800b178   0x00000004   Code   RO         6525    x$fpl$printf1       fz_wm.l(printf1.o)
    0x0800b17c   0x00000000   Code   RO         6588    x$fpl$usenofp       fz_wm.l(usenofp.o)
    0x0800b17c   0x00000006   Data   RO          425    .constdata          retarget.o
    0x0800b182   0x00000007   Data   RO          426    .constdata          retarget.o
    0x0800b189   0x00000007   Data   RO          427    .constdata          retarget.o
    0x0800b190   0x00000010   Data   RO         2155    .constdata          system_stm32f4xx.o
    0x0800b1a0   0x00000008   Data   RO         2156    .constdata          system_stm32f4xx.o
    0x0800b1a8   0x00002228   Data   RO         2205    .constdata          aes.o
    0x0800d3d0   0x00000190   Data   RO         4118    .constdata          ecp_curves.o
    0x0800d560   0x00000030   Data   RO         4493    .constdata          md_wrap.o
    0x0800d590   0x00000030   Data   RO         4494    .constdata          md_wrap.o
    0x0800d5c0   0x00000030   Data   RO         4495    .constdata          md_wrap.o
    0x0800d5f0   0x00000030   Data   RO         4496    .constdata          md_wrap.o
    0x0800d620   0x00000100   Data   RO         5136    .constdata          sha256.o
    0x0800d720   0x00000280   Data   RO         5224    .constdata          sha512.o
    0x0800d9a0   0x00000028   Data   RO         6446    .constdata          c_w.l(_printf_hex_int.o)
    0x0800d9c8   0x00000011   Data   RO         6481    .constdata          c_w.l(__printf_flags_ss_wp.o)
    0x0800d9d9   0x00000003   PAD
    0x0800d9dc   0x00000094   Data   RO         6631    .constdata          c_w.l(bigflt0.o)
    0x0800da70   0x00000007   Data   RO         4497    .conststring        md_wrap.o
    0x0800da77   0x00000001   PAD
    0x0800da78   0x00000007   Data   RO         4498    .conststring        md_wrap.o
    0x0800da7f   0x00000001   PAD
    0x0800da80   0x00000007   Data   RO         4499    .conststring        md_wrap.o
    0x0800da87   0x00000001   PAD
    0x0800da88   0x00000007   Data   RO         4500    .conststring        md_wrap.o
    0x0800da8f   0x00000001   PAD
    0x0800da90   0x00000020   Data   RO         6838    Region$$Table       anon$$obj.o
    0x0800dab0   0x0000001c   Data   RO         6663    locale$$data        c_w.l(lc_numeric_c.o)


    Execution Region RW_IRAM1 (Base: 0x20000000, Size: 0x000066d8, Max: 0x0001c000, ABSOLUTE)

    Base Addr    Size         Type   Attr      Idx    E Section Name        Object

    0x20000000   0x0000000c   Data   RW         1417    .data               stm32f4xx_hal.o
    0x2000000c   0x00000004   Data   RW         2157    .data               system_stm32f4xx.o
    0x20000010   0x00000004   Data   RW         4119    .data               ecp_curves.o
    0x20000014   0x00000004   Data   RW         5047    .data               platform_util.o
    0x20000018   0x00000004   Data   RW         6579    .data               c_w.l(stdio_streams.o)
    0x2000001c   0x00000004   Data   RW         6580    .data               c_w.l(stdio_streams.o)
    0x20000020   0x00000004   Data   RW         6581    .data               c_w.l(stdio_streams.o)
    0x20000024   0x000000b5   Zero   RW           20    .bss                main.o
    0x200000d9   0x00000007   PAD
    0x200000e0   0x00000498   Zero   RW          399    .bss                mbedtls.o
    0x20000578   0x00000054   Zero   RW         6576    .bss                c_w.l(stdio_streams.o)
    0x200005cc   0x00000054   Zero   RW         6577    .bss                c_w.l(stdio_streams.o)
    0x20000620   0x00000054   Zero   RW         6578    .bss                c_w.l(stdio_streams.o)
    0x20000674   0x00000060   Zero   RW         6590    .bss                c_w.l(libspace.o)
    0x200006d4   0x00000004   PAD
    0x200006d8   0x00002000   Zero   RW            2    HEAP                startup_stm32f407xx.o
    0x200026d8   0x00004000   Zero   RW            1    STACK               startup_stm32f407xx.o


    Execution Region RW_IRAM2 (Base: 0x2001c000, Size: 0x00000000, Max: 0x00004000, ABSOLUTE)

    **** No section assigned to this execution region ****


==============================================================================

Image component sizes


      Code (inc. data)   RO Data    RW Data    ZI Data      Debug   Object Name

      2398         30       8744          0          0      18949   aes.o
      7656          0          0          0          0      40911   bignum.o
       964          0          0          0          0      11035   ctr_drbg.o
       872         20          0          0          0       8701   ecdsa.o
      6994         82          0          0          0      38640   ecp.o
      3348        100        400          4          0      12517   ecp_curves.o
       594          6          0          0          0       7174   entropy.o
        64          6          0          0          0       1395   hardware_rng.o
      1944        814          0          0        181     696906   main.o
        56         18          0          0       1176        827   mbedtls.o
       148         20          0          0          0       5552   md.o
       160          0        220          0          0      14434   md_wrap.o
        16          6          0          4          0       1439   platform_util.o
        32          0         20          0          0       7217   retarget.o
      2784         70        256          0          0       8996   sha256.o
      3838        140        640          0          0       9368   sha512.o
         0          0          0          0          0      10308   ssl_ciphersuites.o
        12          0          0          0          0      42370   ssl_tls.o
        64         26        392          0      24576        836   startup_stm32f407xx.o
       168         28          0         12          0      10626   stm32f4xx_hal.o
       198         14          0          0          0      33815   stm32f4xx_hal_cortex.o
       182          0          0          0          0       2067   stm32f4xx_hal_dma.o
       496         46          0          0          0       1524   stm32f4xx_hal_gpio.o
       212         30          0          0          0       2119   stm32f4xx_hal_msp.o
      1348         76          0          0          0       5180   stm32f4xx_hal_rcc.o
       176          0          0          0          0       1962   stm32f4xx_hal_rng.o
      1574         16          0          0          0      10276   stm32f4xx_hal_uart.o
        32          6          0          0          0       4578   stm32f4xx_it.o
        16          4         24          4          0       1111   system_stm32f4xx.o
         8          0          0          0          0       8728   x509_crt.o

    ----------------------------------------------------------------------
     36388       1558      10732         24      25940    1019561   Object Totals
         0          0         32          0          0          0   (incl. Generated)
        34          0          4          0          7          0   (incl. Padding)

    ----------------------------------------------------------------------

      Code (inc. data)   RO Data    RW Data    ZI Data      Debug   Library Member Name

        24          4          0          0          0         84   __2printf.o
         8          0          0          0          0         68   __main.o
       392          4         17          0          0         92   __printf_flags_ss_wp.o
        14          0          0          0          0         68   __printf_wp.o
         0          0          0          0          0          0   __rtentry.o
        12          0          0          0          0          0   __rtentry2.o
         6          0          0          0          0          0   __rtentry4.o
        52          8          0          0          0          0   __scatter.o
        26          0          0          0          0          0   __scatter_copy.o
        28          0          0          0          0          0   __scatter_zi.o
        44          0          0          0          0        108   _printf_char.o
        48          6          0          0          0         96   _printf_char_common.o
        36          4          0          0          0         80   _printf_char_file.o
         6          0          0          0          0          0   _printf_d.o
       120         16          0          0          0         92   _printf_dec.o
         6          0          0          0          0          0   _printf_f.o
      1050          0          0          0          0        216   _printf_fp_dec.o
       128         16          0          0          0         84   _printf_fp_infnan.o
        88          4         40          0          0         88   _printf_hex_int.o
       178          0          0          0          0         88   _printf_intcommon.o
        78          0          0          0          0        108   _printf_pad.o
         0          0          0          0          0          0   _printf_percent.o
         4          0          0          0          0          0   _printf_percent_end.o
         6          0          0          0          0          0   _printf_s.o
        82          0          0          0          0         80   _printf_str.o
         6          0          0          0          0          0   _printf_u.o
         6          0          0          0          0          0   _printf_x.o
        16          0          0          0          0         68   aeabi_memset.o
       220          4        148          0          0         96   bigflt0.o
      1910        128          0          0          0        672   btod.o
        40          0          0          0          0         80   calloc.o
        10          0          0          0          0         68   defsig_exit.o
        50          0          0          0          0         88   defsig_general.o
        80         58          0          0          0         76   defsig_rtmem_inner.o
        14          0          0          0          0         80   defsig_rtmem_outer.o
        52         38          0          0          0         76   defsig_rtred_inner.o
        14          0          0          0          0         80   defsig_rtred_outer.o
        12          0          0          0          0         72   exit.o
        76          0          0          0          0         88   fclose.o
         8          0          0          0          0         68   ferror.o
       236          4          0          0          0        128   fopen.o
       248          6          0          0          0         84   fseek.o
        66          0          0          0          0         76   ftell.o
        94          0          0          0          0         80   h1_alloc.o
        52          0          0          0          0         68   h1_extend.o
        78          0          0          0          0         80   h1_free.o
        14          0          0          0          0         84   h1_init.o
         6          0          0          0          0        152   heapauxi.o
         4          0          0          0          0        136   hguard.o
       138          0          0          0          0        168   init_alloc.o
       312         46          0          0          0        112   initio.o
        44         10         28          0          0         76   lc_numeric_c.o
         2          0          0          0          0          0   libinit.o
        34          0          0          0          0          0   libinit2.o
         2          0          0          0          0          0   libshutdown.o
         6          0          0          0          0          0   libshutdown2.o
         8          4          0          0         96         68   libspace.o
       138          0          0          0          0         80   lludiv10.o
       238          0          0          0          0        100   lludivv7m.o
         0          0          0          0          0          0   maybetermalloc1.o
        22          0          0          0          0         76   memset.o
         8          4          0          0          0         68   rt_errno_addr_intlibspace.o
         8          4          0          0          0         68   rt_heap_descriptor_intlibspace.o
         8          4          0          0          0         68   rt_locale_intlibspace.o
        68          0          0          0          0         68   rt_memclr.o
        78          0          0          0          0         80   rt_memclr_w.o
       138          0          0          0          0         68   rt_memcpy_v6.o
       100          0          0          0          0         80   rt_memcpy_w.o
         2          0          0          0          0          0   rtexit.o
        10          0          0          0          0          0   rtexit2.o
        70          0          0          0          0         80   setvbuf.o
       240          6          0          0          0        156   stdio.o
         0          0          0         12        252          0   stdio_streams.o
       128          0          0          0          0         68   strcmpv7m.o
        62          0          0          0          0         76   strlen.o
        74          0          0          0          0         80   sys_stackheap_outer.o
         2          0          0          0          0         68   use_no_semi.o
       688        140          0          0          0        256   ddiv.o
        38          0          0          0          0        116   dflt_clz.o
       156          4          0          0          0        140   dnaninf.o
        12          0          0          0          0        116   dretinf.o
        10          0          0          0          0        116   fpinit.o
         4          0          0          0          0        116   printf1.o
         0          0          0          0          0          0   usenofp.o
        48          0          0          0          0        124   fpclassify.o

    ----------------------------------------------------------------------
      8656        522        236         12        352       6544   Library Totals
        12          0          3          0          4          0   (incl. Padding)

    ----------------------------------------------------------------------

      Code (inc. data)   RO Data    RW Data    ZI Data      Debug   Library Name

      7688        378        233         12        348       5560   c_w.l
       908        144          0          0          0        860   fz_wm.l
        48          0          0          0          0        124   m_wm.l

    ----------------------------------------------------------------------
      8656        522        236         12        352       6544   Library Totals

    ----------------------------------------------------------------------

==============================================================================


      Code (inc. data)   RO Data    RW Data    ZI Data      Debug   

     45044       2080      10968         36      26292    1000833   Grand Totals
     45044       2080      10968         36      26292    1000833   ELF Image Totals
     45044       2080      10968         36          0          0   ROM Totals

==============================================================================

    Total RO  Size (Code + RO Data)                56012 (  54.70kB)
    Total RW  Size (RW Data + ZI Data)             26328 (  25.71kB)
    Total ROM Size (Code + RO Data + RW Data)      56048 (  54.73kB)

==============================================================================

